******************************************************************************
            TI ARM Clang Linker PC v4.0.4                      
******************************************************************************
>> Linked Sat Aug  1 20:09:38 2026

OUTPUT FILE NAME:   <mspm0-modules.out>
ENTRY POINT SYMBOL: "_c_int00_noargs"  address: 00008361


MEMORY CONFIGURATION

         name            origin    length      used     unused   attr    fill
----------------------  --------  ---------  --------  --------  ----  --------
  FLASH                 00000000   00020000  00009ca8  00016358  R  X
  SRAM                  20200000   00008000  00000823  000077dd  RW X
  BCR_CONFIG            41c00000   000000ff  00000000  000000ff  R   
  BSL_CONFIG            41c00100   00000080  00000000  00000080  R   


SEGMENT ALLOCATION MAP

run origin  load origin   length   init length attrs members
----------  ----------- ---------- ----------- ----- -------
00000000    00000000    00009ca8   00009ca8    r-x
  00000000    00000000    000000c0   000000c0    r-- .intvecs
  000000c0    000000c0    00008ee0   00008ee0    r-x .text
  00008fa0    00008fa0    00000c30   00000c30    r-- .rodata
  00009bd0    00009bd0    000000d8   000000d8    r-- .cinit
20200000    20200000    00000624   00000000    rw-
  20200000    20200000    0000035b   00000000    rw- .bss
  2020035c    2020035c    000002c8   00000000    rw- .data
20207e00    20207e00    00000200   00000000    rw-
  20207e00    20207e00    00000200   00000000    rw- .stack


SECTION ALLOCATION MAP

 output                                  attributes/
section   page    origin      length       input sections
--------  ----  ----------  ----------   ----------------
.intvecs   0    00000000    000000c0     
                  00000000    000000c0     startup_mspm0g350x_ticlang.o (.intvecs)

.text      0    000000c0    00008ee0     
                  000000c0    000009d0     libc.a : _printfi.c.obj (.text:__TI_printfi)
                  00000a90    00000564     PID_DEBUG.o (.text.ParsePIDData)
                  00000ff4    00000474     mpu6050.o (.text.Read_MPU6050)
                  00001468    00000474     mpu6050.o (.text.mpu6050_init)
                  000018dc    000003b8     libc.a : strtod.c.obj (.text.strtod)
                  00001c94    0000025c     ti_msp_dl_config.o (.text.SYSCFG_DL_GPIO_init)
                  00001ef0    0000022c     inv_mpu.o (.text.mpu_reset_fifo)
                  0000211c    00000220     ball_ctrl.o (.text.BALL_Update)
                  0000233c    00000220     libc.a : _printfi.c.obj (.text._pconv_a)
                  0000255c    00000200     camera_uart.o (.text.UART3_IRQHandler)
                  0000275c    00000200     inv_mpu.o (.text.mpu_init)
                  0000295c    00000200     button.o (.text.read_button)
                  00002b5c    000001ec     task.o (.text.task_5)
                  00002d48    000001ec     task.o (.text.task_6)
                  00002f34    000001dc     libc.a : _printfi.c.obj (.text._pconv_g)
                  00003110    000001c8            : s_atanf.c.obj (.text.atanf)
                  000032d8    000001bc     task.o (.text.task_4)
                  00003494    000001bc     controll.o (.text.turn_controll)
                  00003650    000001a4     kalman_filter.o (.text.KalmanFilter_Update)
                  000037f4    000001a0     encoder.o (.text.encoder_read)
                  00003994    000001a0     inv_mpu.o (.text.mpu_set_bypass)
                  00003b34    00000198     controll.o (.text.line_tracking)
                  00003ccc    00000192     libclang_rt.builtins.a : adddf3.S.obj (.text.adddf3_subdf3)
                  00003e5e    00000002     stepper.o (.text.STEPPER_UART_Init)
                  00003e60    00000188     controll.o (.text.Controll)
                  00003fe8    00000168     main.o (.text.main)
                  00004150    00000148     controll.o (.text.heading_hold)
                  00004298    00000144     motor.o (.text.set_speed)
                  000043dc    0000013c     libc.a : _printfi.c.obj (.text.fcvt)
                  00004518    00000138     controll.o (.text.speed_controll_Wheel)
                  00004650    00000130     inv_mpu.o (.text.mpu_set_sensors)
                  00004780    0000012c     controll.o (.text.position_controll)
                  000048ac    00000120     libc.a : _printfi.c.obj (.text._pconv_e)
                  000049cc    00000118     oled_hardware_i2c.o (.text.OLED_ShowChar)
                  00004ae4    00000118     libc.a : e_atan2f.c.obj (.text.atan2f)
                  00004bfc    00000110     oled_hardware_i2c.o (.text.OLED_Init)
                  00004d0c    00000110     inv_mpu.o (.text.mpu_lp_accel_mode)
                  00004e1c    0000010c     libclang_rt.builtins.a : divdf3.S.obj (.text.__divdf3)
                  00004f28    00000104     driverlib.a : dl_timer.o (.text.DL_Timer_initFourCCPWMMode)
                  0000502c    000000fc                 : dl_timer.o (.text.DL_Timer_initTimerMode)
                  00005128    000000f8     PID_DEBUG.o (.text.UART2_IRQHandler)
                  00005220    000000ec     inv_mpu.o (.text.mpu_set_sample_rate)
                  0000530c    000000e8     ti_msp_dl_config.o (.text.SYSCFG_DL_SYSCTL_SYSPLL_init)
                  000053f4    000000e8     controll.o (.text.turn_angle)
                  000054dc    000000e4     libclang_rt.builtins.a : muldf3.S.obj (.text.__muldf3)
                  000055c0    000000e4     inv_mpu.o (.text.mpu_set_accel_fsr)
                  000056a4    000000dc     driverlib.a : dl_sysctl_mspm0g1x0x_g3x0x.o (.text.DL_SYSCTL_configSYSPLL)
                  00005780    000000d8     libc.a : s_scalbn.c.obj (.text.scalbn)
                  00005858    000000d8     libclang_rt.builtins.a : addsf3.S.obj (.text)
                  00005930    000000d4     ti_msp_dl_config.o (.text.SYSCFG_DL_initPower)
                  00005a04    000000d4     inv_mpu.o (.text.set_int_enable)
                  00005ad8    000000d0     inv_mpu.o (.text.mpu_set_lpf)
                  00005ba8    000000c4     inv_mpu.o (.text.mpu_set_gyro_fsr)
                  00005c6c    000000bc     ball_ctrl.o (.text.BALL_VOFA_Output)
                  00005d28    000000bc     inv_mpu.o (.text.mpu_configure_fifo)
                  00005de4    000000bc     inv_mpu.o (.text.mpu_get_temperature)
                  00005ea0    000000b8     grayscale_sensor.o (.text.Grayscale_Sensor_Read_All)
                  00005f58    000000b8     mspm0_i2c.o (.text.mspm0_i2c_read)
                  00006010    000000a8     mspm0_i2c.o (.text.mspm0_i2c_write)
                  000060b8    000000a2     libclang_rt.builtins.a : udivmoddi4.S.obj (.text)
                  0000615a    00000002                            : aeabi_div0.c.obj (.text.__aeabi_idiv0)
                  0000615c    000000a0     libc.a : e_sqrtf.c.obj (.text.sqrtf)
                  000061fc    0000009c     inv_mpu.o (.text.mpu_set_int_latched)
                  00006298    00000098     oled_hardware_i2c.o (.text.OLED_WR_Byte)
                  00006330    00000094     encoder.o (.text.TIMG0_IRQHandler)
                  000063c4    00000094     task.o (.text.task_timer_show)
                  00006458    0000008c     ti_msp_dl_config.o (.text.SYSCFG_DL_PWM_0_init)
                  000064e4    0000008c     libclang_rt.builtins.a : mulsf3.S.obj (.text.__mulsf3)
                  00006570    00000084     clock.o (.text.__NVIC_SetPriority)
                  000065f4    00000084     ti_msp_dl_config.o (.text.__NVIC_SetPriority)
                  00006678    00000084     inv_mpu.o (.text.mpu_get_accel_reg)
                  000066fc    00000084     inv_mpu.o (.text.mpu_get_gyro_reg)
                  00006780    00000082     libclang_rt.builtins.a : divsf3.S.obj (.text.__divsf3)
                  00006802    00000002                            : aeabi_div0.c.obj (.text.__aeabi_ldiv0)
                  00006804    00000080     inv_mpu.o (.text.mpu_get_accel_sens)
                  00006884    0000007c     interrupt.o (.text.GROUP1_IRQHandler)
                  00006900    0000007c     ti_msp_dl_config.o (.text.SYSCFG_DL_SYSCTL_init)
                  0000697c    0000007c     libc.a : copy_decompress_lzss.c.obj (.text:decompress:lzss)
                  000069f8    00000076     stepper.o (.text.send_command)
                  00006a6e    00000002     libc.a : _lock.c.obj (.text._nop)
                  00006a70    00000074     libclang_rt.builtins.a : comparedf2.c.obj (.text.__gedf2)
                  00006ae4    0000000c     ti_msp_dl_config.o (.text.DL_SYSCTL_getClockStatus)
                  00006af0    00000074     libclang_rt.builtins.a : truncdfsf2.S.obj (.text.__truncdfsf2)
                  00006b64    00000074     controll.o (.text.deadzone_comp)
                  00006bd8    00000074     inv_mpu.o (.text.mpu_get_accel_fsr)
                  00006c4c    00000070     oled_hardware_i2c.o (.text.OLED_ShowString)
                  00006cbc    00000070     stepper.o (.text.STEPPER_GoToAngle)
                  00006d2c    00000070     inv_mpu.o (.text.mpu_get_gyro_sens)
                  00006d9c    0000006e     task.o (.text.ramp_move)
                  00006e0a    0000006a     oled_hardware_i2c.o (.text.OLED_Clear)
                  00006e74    00000068     libclang_rt.builtins.a : comparedf2.c.obj (.text.__ledf2)
                  00006edc    00000068     task.o (.text.task_2)
                  00006f44    00000066     libc.a : _printfi.c.obj (.text._mcpy)
                  00006faa    00000002     --HOLE-- [fill = 0]
                  00006fac    00000064     driverlib.a : dl_sysctl_mspm0g1x0x_g3x0x.o (.text.DL_SYSCTL_setHFCLKSourceHFXTParams)
                  00007010    00000064     controll.o (.text.detect_stop)
                  00007074    00000062     libclang_rt.builtins.a : aeabi_dcmp.S.obj (.text.__aeabi_dcmp)
                  000070d6    00000002     --HOLE-- [fill = 0]
                  000070d8    00000062                            : aeabi_fcmp.S.obj (.text.__aeabi_fcmp)
                  0000713a    00000002     --HOLE-- [fill = 0]
                  0000713c    00000060     inv_mpu.o (.text.mpu_get_gyro_fsr)
                  0000719c    00000060     oled_hardware_i2c.o (.text.oled_i2c_sda_unlock)
                  000071fc    0000005e     driverlib.a : dl_i2c.o (.text.DL_I2C_fillControllerTXFIFO)
                  0000725a    0000005e     stepper.o (.text.stepper_cb)
                  000072b8    0000005c     ti_msp_dl_config.o (.text.SYSCFG_DL_init)
                  00007314    0000005c     libc.a : s_frexp.c.obj (.text.frexp)
                  00007370    0000005c     oled_hardware_i2c.o (.text.mspm0_i2c_enable)
                  000073cc    0000005c     libc.a : printf.c.obj (.text.printf)
                  00007428    00000058     interrupt.o (.text.Interrupt_Init)
                  00007480    00000058     ti_msp_dl_config.o (.text.SYSCFG_DL_I2C_MPU6050_init)
                  000074d8    00000058     ti_msp_dl_config.o (.text.SYSCFG_DL_I2C_OLED_init)
                  00007530    00000058     libc.a : _ltoa.c.obj (.text.__TI_ltoa)
                  00007588    00000058            : _printfi.c.obj (.text._pconv_f)
                  000075e0    00000056     libclang_rt.builtins.a : aeabi_idivmod.S.obj (.text.__aeabi_idivmod)
                  00007636    00000002     --HOLE-- [fill = 0]
                  00007638    00000054     ti_msp_dl_config.o (.text.SYSCFG_DL_UART_camera_init)
                  0000768c    00000054     stepper.o (.text.stepper_fd)
                  000076e0    00000052     libc.a : _printfi.c.obj (.text._ecpy)
                  00007732    00000002     --HOLE-- [fill = 0]
                  00007734    00000050     oled_hardware_i2c.o (.text.DL_GPIO_initPeripheralInputFunctionFeatures)
                  00007784    00000050     ti_msp_dl_config.o (.text.DL_GPIO_initPeripheralInputFunctionFeatures)
                  000077d4    00000050     mspm0_i2c.o (.text.DL_I2C_startControllerTransfer)
                  00007824    00000050     oled_hardware_i2c.o (.text.DL_I2C_startControllerTransfer)
                  00007874    00000050     ti_msp_dl_config.o (.text.SYSCFG_DL_UART_vofa_init)
                  000078c4    00000050     clock.o (.text.SysTick_Config)
                  00007914    00000050     vofa.o (.text.fputs)
                  00007964    0000004c     oled_hardware_i2c.o (.text.DL_GPIO_initDigitalInputFeatures)
                  000079b0    0000004c     ti_msp_dl_config.o (.text.DL_GPIO_initDigitalInputFeatures)
                  000079fc    0000004c     ti_msp_dl_config.o (.text.DL_UART_setBaudRateDivisor)
                  00007a48    0000004a     libclang_rt.builtins.a : fixdfsi.S.obj (.text.__fixdfsi)
                  00007a92    00000002     --HOLE-- [fill = 0]
                  00007a94    00000048     ball_ctrl.o (.text.BALL_Init)
                  00007adc    00000048     camera_uart.o (.text.CameraUART_SendCmd)
                  00007b24    00000048     driverlib.a : dl_uart.o (.text.DL_UART_init)
                  00007b6c    00000048     oled_hardware_i2c.o (.text.mspm0_i2c_disable)
                  00007bb4    00000044     driverlib.a : dl_sysctl_mspm0g1x0x_g3x0x.o (.text.DL_SYSCTL_switchMCLKfromSYSOSCtoHSCLK)
                  00007bf8    00000044     kalman_filter.o (.text.KalmanFilter_Init)
                  00007c3c    00000044     stepper.o (.text.STEPPER_SendRaw)
                  00007c80    00000040     ti_msp_dl_config.o (.text.SYSCFG_DL_Stepper_UART_init)
                  00007cc0    00000040     ti_msp_dl_config.o (.text.SYSCFG_DL_TIMER_controll_init)
                  00007d00    00000040     ti_msp_dl_config.o (.text.SYSCFG_DL_TIMER_tepper_init)
                  00007d40    00000040     libclang_rt.builtins.a : aeabi_uidivmod.S.obj (.text.__aeabi_uidivmod)
                  00007d80    00000040                            : extendsfdf2.S.obj (.text.__extendsfdf2)
                  00007dc0    00000040     libc.a : atoi.c.obj (.text.atoi)
                  00007e00    0000003c     driverlib.a : dl_i2c.o (.text.DL_I2C_flushControllerTXFIFO)
                  00007e3c    0000003c     ti_msp_dl_config.o (.text.DL_Timer_setCounterControl)
                  00007e78    0000003c     oled_hardware_i2c.o (.text.OLED_Set_Pos)
                  00007eb4    0000003c     ti_msp_dl_config.o (.text.SYSCFG_DL_TIMER_read_init)
                  00007ef0    0000003c     libclang_rt.builtins.a : floatsisf.S.obj (.text.__floatsisf)
                  00007f2c    0000003c                            : comparesf2.S.obj (.text.__gtsf2)
                  00007f68    0000003c     controll.o (.text.clamp_speed)
                  00007fa4    0000003c     libc.a : autoinit.c.obj (.text:__TI_auto_init_nobinit_nopinit)
                  00007fe0    0000003a     libclang_rt.builtins.a : comparesf2.S.obj (.text.__eqsf2)
                  0000801a    00000002     --HOLE-- [fill = 0]
                  0000801c    0000003a                            : muldsi3.S.obj (.text.__muldsi3)
                  00008056    00000002     --HOLE-- [fill = 0]
                  00008058    00000038                            : fixsfsi.S.obj (.text.__fixsfsi)
                  00008090    00000038     libc.a : sprintf.c.obj (.text.sprintf)
                  000080c8    00000034     inv_mpu.o (.text.mpu_get_sample_rate)
                  000080fc    00000034     button.o (.text.task_name)
                  00008130    00000032     libclang_rt.builtins.a : fixunssfsi.S.obj (.text.__fixunssfsi)
                  00008162    00000002     --HOLE-- [fill = 0]
                  00008164    00000030     driverlib.a : dl_uart.o (.text.DL_UART_transmitDataBlocking)
                  00008194    00000030     libc.a : _printfi.c.obj (.text._fcpy)
                  000081c4    0000002c     interrupt.o (.text.__NVIC_EnableIRQ)
                  000081f0    0000002c     libclang_rt.builtins.a : floatsidf.S.obj (.text.__floatsidf)
                  0000821c    0000002c     clock.o (.text.mspm0_get_clock_ms)
                  00008248    00000028     mspm0_i2c.o (.text.DL_Common_updateReg)
                  00008270    00000028     oled_hardware_i2c.o (.text.DL_Common_updateReg)
                  00008298    00000028     ti_msp_dl_config.o (.text.DL_Common_updateReg)
                  000082c0    00000028     ti_msp_dl_config.o (.text.DL_I2C_setControllerRXFIFOThreshold)
                  000082e8    00000028     ti_msp_dl_config.o (.text.DL_I2C_setControllerTXFIFOThreshold)
                  00008310    00000028     libclang_rt.builtins.a : floatunsisf.S.obj (.text.__floatunsisf)
                  00008338    00000028     controll.o (.text.set_target_position)
                  00008360    00000028     libc.a : boot_cortex_m.c.obj (.text:_c_int00_noargs)
                  00008388    00000026     ti_msp_dl_config.o (.text.DL_I2C_setAnalogGlitchFilterPulseWidth)
                  000083ae    00000026     driverlib.a : dl_i2c.o (.text.DL_I2C_setClockConfig)
                  000083d4    00000026     stepper.o (.text.STEPPER_CB_Absolute)
                  000083fa    00000002     --HOLE-- [fill = 0]
                  000083fc    00000024     libclang_rt.builtins.a : floatunsidf.S.obj (.text.__floatunsidf)
                  00008420    00000024                            : muldi3.S.obj (.text.__muldi3)
                  00008444    00000024     controll.o (.text.process_line_sensors)
                  00008468    00000022     libc.a : memccpy.c.obj (.text.memccpy)
                  0000848a    00000002     --HOLE-- [fill = 0]
                  0000848c    00000020     ti_msp_dl_config.o (.text.DL_GPIO_initPeripheralInputFunction)
                  000084ac    00000020     mpu6050.o (.text.DL_SYSCTL_resetDevice)
                  000084cc    00000020     ti_msp_dl_config.o (.text.DL_SYSCTL_setFlashWaitState)
                  000084ec    00000020     controll.o (.text.speed_controll_L)
                  0000850c    00000020     controll.o (.text.speed_controll_R)
                  0000852c    0000001e     ti_msp_dl_config.o (.text.DL_UART_setOversampling)
                  0000854a    00000002     --HOLE-- [fill = 0]
                  0000854c    0000001e     libclang_rt.builtins.a : ashldi3.S.obj (.text.__ashldi3)
                  0000856a    00000002     --HOLE-- [fill = 0]
                  0000856c    0000001c     ball_ctrl.o (.text.BALL_Reset)
                  00008588    0000001c     interrupt.o (.text.DL_GPIO_clearInterruptStatus)
                  000085a4    0000001c     mpu6050.o (.text.DL_GPIO_clearInterruptStatus)
                  000085c0    0000001c     ti_msp_dl_config.o (.text.DL_GPIO_clearInterruptStatus)
                  000085dc    0000001c     oled_hardware_i2c.o (.text.DL_GPIO_enableHiZ)
                  000085f8    0000001c     ti_msp_dl_config.o (.text.DL_GPIO_enableHiZ)
                  00008614    0000001c     mpu6050.o (.text.DL_GPIO_enableInterrupt)
                  00008630    0000001c     ti_msp_dl_config.o (.text.DL_GPIO_enableInterrupt)
                  0000864c    0000001c     ti_msp_dl_config.o (.text.DL_GPIO_initPeripheralOutputFunction)
                  00008668    0000001c     mpu6050.o (.text.DL_GPIO_setLowerPinsPolarity)
                  00008684    0000001c     ti_msp_dl_config.o (.text.DL_GPIO_setLowerPinsPolarity)
                  000086a0    0000001c     oled_hardware_i2c.o (.text.DL_I2C_getSDAStatus)
                  000086bc    0000001c     mspm0_i2c.o (.text.DL_I2C_isControllerRXFIFOEmpty)
                  000086d8    0000001c     interrupt.o (.text.DL_Interrupt_getPendingGroup)
                  000086f4    0000001c     driverlib.a : dl_sysctl_mspm0g1x0x_g3x0x.o (.text.DL_SYSCTL_configFCC)
                  00008710    0000001c     ti_msp_dl_config.o (.text.DL_SYSCTL_setFCCPeriods)
                  0000872c    0000001c     ti_msp_dl_config.o (.text.DL_SYSCTL_setSYSOSCFreq)
                  00008748    0000001c     ti_msp_dl_config.o (.text.DL_SYSCTL_setULPCLKDivider)
                  00008764    0000001c     ti_msp_dl_config.o (.text.DL_Timer_enableInterrupt)
                  00008780    0000001c     driverlib.a : dl_timer.o (.text.DL_Timer_setCaptCompUpdateMethod)
                  0000879c    0000001c                 : dl_timer.o (.text.DL_Timer_setClockConfig)
                  000087b8    0000001c     ti_msp_dl_config.o (.text.DL_UART_enableInterrupt)
                  000087d4    0000001c     stepper.o (.text.STEPPER_Enable)
                  000087f0    0000001c     vofa.o (.text.fputc)
                  0000880c    0000001c     clock.o (.text.mspm0_delay_ms)
                  00008828    00000018     oled_hardware_i2c.o (.text.DL_GPIO_enableOutput)
                  00008840    00000018     ti_msp_dl_config.o (.text.DL_GPIO_enableOutput)
                  00008858    00000018     ti_msp_dl_config.o (.text.DL_GPIO_enablePower)
                  00008870    00000018     interrupt.o (.text.DL_GPIO_getEnabledInterruptStatus)
                  00008888    00000018     oled_hardware_i2c.o (.text.DL_GPIO_initDigitalOutput)
                  000088a0    00000018     ti_msp_dl_config.o (.text.DL_GPIO_initDigitalOutput)
                  000088b8    00000018     ti_msp_dl_config.o (.text.DL_GPIO_initPeripheralAnalogFunction)
                  000088d0    00000018     ti_msp_dl_config.o (.text.DL_GPIO_reset)
                  000088e8    00000018     motor.o (.text.DL_GPIO_setPins)
                  00008900    00000018     oled_hardware_i2c.o (.text.DL_GPIO_setPins)
                  00008918    00000018     ti_msp_dl_config.o (.text.DL_GPIO_setUpperPinsPolarity)
                  00008930    00000018     mspm0_i2c.o (.text.DL_I2C_clearInterruptStatus)
                  00008948    00000018     oled_hardware_i2c.o (.text.DL_I2C_clearInterruptStatus)
                  00008960    00000018     ti_msp_dl_config.o (.text.DL_I2C_enableAnalogGlitchFilter)
                  00008978    00000018     ti_msp_dl_config.o (.text.DL_I2C_enableController)
                  00008990    00000018     ti_msp_dl_config.o (.text.DL_I2C_enableControllerClockStretching)
                  000089a8    00000018     oled_hardware_i2c.o (.text.DL_I2C_enablePower)
                  000089c0    00000018     ti_msp_dl_config.o (.text.DL_I2C_enablePower)
                  000089d8    00000018     mspm0_i2c.o (.text.DL_I2C_getRawInterruptStatus)
                  000089f0    00000018     oled_hardware_i2c.o (.text.DL_I2C_getRawInterruptStatus)
                  00008a08    00000018     oled_hardware_i2c.o (.text.DL_I2C_reset)
                  00008a20    00000018     ti_msp_dl_config.o (.text.DL_I2C_reset)
                  00008a38    00000018     ti_msp_dl_config.o (.text.DL_I2C_setTimerPeriod)
                  00008a50    00000018     ti_msp_dl_config.o (.text.DL_SYSCTL_setBORThreshold)
                  00008a68    00000018     ti_msp_dl_config.o (.text.DL_Timer_enablePower)
                  00008a80    00000018     ti_msp_dl_config.o (.text.DL_Timer_reset)
                  00008a98    00000018     driverlib.a : dl_timer.o (.text.DL_Timer_setCaptureCompareOutCtl)
                  00008ab0    00000018     ball_ctrl.o (.text.DL_Timer_startCounter)
                  00008ac8    00000018     main.o (.text.DL_UART_enableFIFOs)
                  00008ae0    00000018     ti_msp_dl_config.o (.text.DL_UART_enablePower)
                  00008af8    00000018     PID_DEBUG.o (.text.DL_UART_isRXFIFOEmpty)
                  00008b10    00000018     camera_uart.o (.text.DL_UART_isRXFIFOEmpty)
                  00008b28    00000018     ti_msp_dl_config.o (.text.DL_UART_reset)
                  00008b40    00000018     clock.o (.text.SysTick_Init)
                  00008b58    00000018     gimbal_task.o (.text.TIMG6_IRQHandler)
                  00008b70    00000018     libc.a : sprintf.c.obj (.text._outs)
                  00008b88    00000016     button.o (.text.DL_GPIO_readPins)
                  00008b9e    00000016     encoder.o (.text.DL_GPIO_readPins)
                  00008bb4    00000016     grayscale_sensor.o (.text.DL_GPIO_readPins)
                  00008bca    00000016     oled_hardware_i2c.o (.text.DL_GPIO_readPins)
                  00008be0    00000016     mspm0_i2c.o (.text.DL_I2C_transmitControllerData)
                  00008bf6    00000016     ti_msp_dl_config.o (.text.DL_UART_enable)
                  00008c0c    00000016     libc.a : copy_zero_init.c.obj (.text:decompress:ZI:__TI_zero_init_nomemset)
                  00008c22    00000014     motor.o (.text.DL_GPIO_clearPins)
                  00008c36    00000014     oled_hardware_i2c.o (.text.DL_GPIO_clearPins)
                  00008c4a    00000014     ti_msp_dl_config.o (.text.DL_GPIO_clearPins)
                  00008c5e    00000002     --HOLE-- [fill = 0]
                  00008c60    00000014     mspm0_i2c.o (.text.DL_I2C_getControllerStatus)
                  00008c74    00000014     oled_hardware_i2c.o (.text.DL_I2C_getControllerStatus)
                  00008c88    00000014     mspm0_i2c.o (.text.DL_I2C_receiveControllerData)
                  00008c9c    00000014     ti_msp_dl_config.o (.text.DL_I2C_resetControllerTransfer)
                  00008cb0    00000014     ti_msp_dl_config.o (.text.DL_SYSCTL_disableSYSPLL)
                  00008cc4    00000014     ti_msp_dl_config.o (.text.DL_SYSCTL_enableSYSPLL)
                  00008cd8    00000014     ti_msp_dl_config.o (.text.DL_Timer_enableClock)
                  00008cec    00000014     ti_msp_dl_config.o (.text.DL_Timer_setCCPDirection)
                  00008d00    00000014     PID_DEBUG.o (.text.DL_UART_receiveData)
                  00008d14    00000014     camera_uart.o (.text.DL_UART_receiveData)
                  00008d28    00000014     stopwatch.o (.text.Stopwatch_Init)
                  00008d3c    00000014     libclang_rt.builtins.a : aeabi_uldivmod.S.obj (.text.__aeabi_uldivmod)
                  00008d50    00000014     controll.o (.text.reset_position)
                  00008d64    00000014     controll.o (.text.set_target_speed)
                  00008d78    00000014     libc.a : _printfi.c.obj (.text.strchr)
                  00008d8c    00000014            : strchr.c.obj (.text.strchr)
                  00008da0    00000014     task.o (.text.task_timer_start)
                  00008db4    00000012     driverlib.a : dl_uart.o (.text.DL_UART_setClockConfig)
                  00008dc6    00000012     libc.a : memcpy16.S.obj (.text:TI_memcpy_small)
                  00008dd8    00000012            : copy_decompress_none.c.obj (.text:decompress:none)
                  00008dea    00000002     --HOLE-- [fill = 0]
                  00008dec    00000010     ti_msp_dl_config.o (.text.DL_SYSCTL_disableHFXT)
                  00008dfc    00000010     ti_msp_dl_config.o (.text.DL_SYSCTL_isFCCDone)
                  00008e0c    00000010     ti_msp_dl_config.o (.text.DL_SYSCTL_startFCC)
                  00008e1c    00000010     driverlib.a : dl_timer.o (.text.DL_Timer_setCaptureCompareValue)
                  00008e2c    00000010     interrupt.o (.text.SysTick_Handler)
                  00008e3c    00000010     oled_hardware_i2c.o (.text.delay_ms)
                  00008e4c    00000010     libc.a : wcslen.c.obj (.text.wcslen)
                  00008e5c    0000000e     libclang_rt.builtins.a : aeabi_memset.S.obj (.text.__aeabi_memset)
                  00008e6a    0000000e     libc.a : _printfi.c.obj (.text.strlen)
                  00008e78    0000000e            : strlen.c.obj (.text.strlen)
                  00008e86    0000000e            : memset16.S.obj (.text:TI_memset_small)
                  00008e94    0000000c     ti_msp_dl_config.o (.text.DL_SYSCTL_readFCC)
                  00008ea0    0000000c     task.o (.text.task_1)
                  00008eac    0000000a     driverlib.a : dl_common.o (.text.DL_Common_delayCycles)
                  00008eb6    0000000a     libc.a : _printfi.c.obj (.text.OUTLINED_FUNCTION_0)
                  00008ec0    00000010     libclang_rt.builtins.a : adddf3.S.obj (.tramp.__aeabi_dsub.1)
                  00008ed0    0000000a     libc.a : _printfi.c.obj (.text.OUTLINED_FUNCTION_1)
                  00008eda    0000000a            : sprintf.c.obj (.text._outc)
                  00008ee4    0000000a            : atof.c.obj (.text.atof)
                  00008eee    0000000a     task.o (.text.task_3)
                  00008ef8    00000008     libc.a : strtod.c.obj (.text.OUTLINED_FUNCTION_0)
                  00008f00    00000008            : strtod.c.obj (.text.OUTLINED_FUNCTION_1)
                  00008f08    00000010     libclang_rt.builtins.a : aeabi_dcmp.S.obj (.tramp.__aeabi_dcmpeq.1)
                  00008f18    00000008     controll.o (.text.TIMA1_IRQHandler)
                  00008f20    00000008     libc.a : aeabi_portable.c.obj (.text.__aeabi_errno_addr)
                  00008f28    00000008     libclang_rt.builtins.a : aeabi_memcpy.S.obj (.text.__aeabi_memcpy)
                  00008f30    00000008     libc.a : printf.c.obj (.text._outc)
                  00008f38    00000008            : printf.c.obj (.text._outs)
                  00008f40    00000006            : s_atanf.c.obj (.text.OUTLINED_FUNCTION_0)
                  00008f46    00000002     --HOLE-- [fill = 0]
                  00008f48    00000010     libclang_rt.builtins.a : divsf3.S.obj (.tramp.__aeabi_fdiv.1)
                  00008f58    00000006     libc.a : exit.c.obj (.text:abort)
                  00008f5e    00000004     startup_mspm0g350x_ticlang.o (.text.Default_Handler)
                  00008f62    00000004     libsysbm.a : hostexit.c.obj (.text.HOSTexit)
                  00008f66    00000004     libc.a : s_atanf.c.obj (.text.OUTLINED_FUNCTION_1)
                  00008f6a    00000002     --HOLE-- [fill = 0]
                  00008f6c    00000010     libclang_rt.builtins.a : addsf3.S.obj (.tramp.__aeabi_fadd.1)
                  00008f7c    00000004     startup_mspm0g350x_ticlang.o (.text.Reset_Handler)
                  00008f80    00000010     libc.a : boot_cortex_m.c.obj (.tramp._c_int00_noargs.1)
                  00008f90    00000004            : pre_init.c.obj (.text._system_pre_init)
                  00008f94    0000000c     --HOLE-- [fill = 0]

.cinit     0    00009bd0    000000d8     
                  00009bd0    000000b3     (.cinit..data.load) [load image, compression = lzss]
                  00009c83    00000001     --HOLE-- [fill = 0]
                  00009c84    0000000c     (__TI_handler_table)
                  00009c90    00000008     (.cinit..bss.load) [load image, compression = zero_init]
                  00009c98    00000010     (__TI_cinit_table)

.rodata    0    00008fa0    00000c30     
                  00008fa0    000005f0     oled_hardware_i2c.o (.rodata.asc2_1608)
                  00009590    00000228     oled_hardware_i2c.o (.rodata.asc2_0806)
                  000097b8    00000008     ti_msp_dl_config.o (.rodata.gPWM_0Config)
                  000097c0    00000101     libc.a : aeabi_ctype.S.obj (.rodata:__aeabi_ctype_table_)
                  000098c1    00000007     button.o (.rodata.str1.12321416233568060509.1)
                  000098c8    00000080     libc.a : strtod.c.obj (.rodata.digits)
                  00009948    00000048            : strtod.c.obj (.rodata.powerof10)
                  00009990    0000002b     ball_ctrl.o (.rodata.str1.7436631912279509596.1)
                  000099bb    00000001     --HOLE-- [fill = 0]
                  000099bc    00000028     ti_msp_dl_config.o (.rodata.gSYSPLLConfig)
                  000099e4    00000028     inv_mpu.o (.rodata.test)
                  00009a0c    00000020     libc.a : s_atanf.c.obj (.rodata.cst16)
                  00009a2c    00000020     controll.o (.rodata.line_weight)
                  00009a4c    0000001e     inv_mpu.o (.rodata.reg)
                  00009a6a    00000018     task.o (.rodata.str1.13327075223462700773.1)
                  00009a82    00000018     task.o (.rodata.str1.16652707393367077483.1)
                  00009a9a    00000002     ti_msp_dl_config.o (.rodata.gI2C_MPU6050ClockConfig)
                  00009a9c    00000014     ti_msp_dl_config.o (.rodata.gTIMER_controllTimerConfig)
                  00009ab0    00000014     ti_msp_dl_config.o (.rodata.gTIMER_readTimerConfig)
                  00009ac4    00000014     ti_msp_dl_config.o (.rodata.gTIMER_tepperTimerConfig)
                  00009ad8    00000011     libc.a : _printfi.c.obj (.rodata.str1.10348868589481759720.1)
                  00009ae9    00000011     main.o (.rodata.str1.12180500075719773345.1)
                  00009afa    00000011     libc.a : _printfi.c.obj (.rodata.str1.15363888844622738466.1)
                  00009b0b    00000010     PID_DEBUG.o (.rodata.str1.15104868226412129585.1)
                  00009b1b    00000001     --HOLE-- [fill = 0]
                  00009b1c    0000000c     inv_mpu.o (.rodata.hw)
                  00009b28    0000000c     main.o (.rodata.str1.17100691992556644108.1)
                  00009b34    0000000c     PID_DEBUG.o (.rodata.str1.465007221358951191.1)
                  00009b40    0000000b     main.o (.rodata.str1.8154729771448623357.1)
                  00009b4b    00000001     --HOLE-- [fill = 0]
                  00009b4c    0000000a     ti_msp_dl_config.o (.rodata.gStepper_UARTConfig)
                  00009b56    0000000a     ti_msp_dl_config.o (.rodata.gUART_cameraConfig)
                  00009b60    0000000a     ti_msp_dl_config.o (.rodata.gUART_vofaConfig)
                  00009b6a    00000009     PID_DEBUG.o (.rodata.str1.1611047758219552962.1)
                  00009b73    00000008     main.o (.rodata.str1.15159059442110792349.1)
                  00009b7b    00000007     button.o (.rodata.str1.16591463978401382879.1)
                  00009b82    00000007     button.o (.rodata.str1.2547083922474475899.1)
                  00009b89    00000007     button.o (.rodata.str1.3026492218997783401.1)
                  00009b90    00000007     button.o (.rodata.str1.4013337493721399785.1)
                  00009b97    00000007     button.o (.rodata.str1.8531657117378570333.1)
                  00009b9e    00000005     button.o (.rodata.str1.1786273711422837320.1)
                  00009ba3    00000005     main.o (.rodata.str1.2846389346932560359.1)
                  00009ba8    00000005     PID_DEBUG.o (.rodata.str1.8791841400436493886.1)
                  00009bad    00000004     button.o (.rodata.str1.1209565193492249672.1)
                  00009bb1    00000004     main.o (.rodata.str1.18227636981041470289.1)
                  00009bb5    00000003     ti_msp_dl_config.o (.rodata.gPWM_0ClockConfig)
                  00009bb8    00000003     ti_msp_dl_config.o (.rodata.gTIMER_controllClockConfig)
                  00009bbb    00000003     ti_msp_dl_config.o (.rodata.gTIMER_readClockConfig)
                  00009bbe    00000003     ti_msp_dl_config.o (.rodata.gTIMER_tepperClockConfig)
                  00009bc1    00000002     ti_msp_dl_config.o (.rodata.gI2C_OLEDClockConfig)
                  00009bc3    00000002     ti_msp_dl_config.o (.rodata.gStepper_UARTClockConfig)
                  00009bc5    00000002     ti_msp_dl_config.o (.rodata.gUART_cameraClockConfig)
                  00009bc7    00000002     ti_msp_dl_config.o (.rodata.gUART_vofaClockConfig)
                  00009bc9    00000007     --HOLE-- [fill = 0]

.init_array 
*          0    00000000    00000000     UNINITIALIZED

.binit     0    00000000    00000000     

.bss       0    20200000    0000035b     UNINITIALIZED
                  20200000    000000bc     (.common:gPWM_0Backup)
                  202000bc    000000bc     (.common:gTIMER_controllBackup)
                  20200178    000000a0     (.common:gTIMER_tepperBackup)
                  20200218    00000040     PID_DEBUG.o (.bss.rxBuff)
                  20200258    00000030     (.common:gUART_cameraBackup)
                  20200288    00000028     (.common:kf_pitch)
                  202002b0    00000028     (.common:kf_roll)
                  202002d8    00000020     (.common:oled_buffer)
                  202002f8    00000010     controll.o (.bss.g_raw)
                  20200308    00000010     task.o (.bss.g_time_buf)
                  20200318    00000006     (.common:accel)
                  2020031e    00000006     (.common:gyro)
                  20200324    00000004     mpu6050.o (.bss.accel_sens)
                  20200328    00000004     mpu6050.o (.bss.calib_temp_raw)
                  2020032c    00000004     mpu6050.o (.bss.gyro_sens)
                  20200330    00000004     mpu6050.o (.bss.gyro_temp_coeff)
                  20200334    00000004     mpu6050.o (.bss.temp_bias_comp)
                  20200338    00000004     mpu6050.o (.bss.yaw_integrated)
                  2020033c    00000004     (.common:gz_dps)
                  20200340    00000004     (.common:last_timestamp)
                  20200344    00000004     (.common:pitch)
                  20200348    00000004     (.common:roll)
                  2020034c    00000004     (.common:sensor_timestamp)
                  20200350    00000004     (.common:tick_ms)
                  20200354    00000004     (.common:yaw)
                  20200358    00000002     mpu6050.o (.bss.temp_sample_cnt)
                  2020035a    00000001     PID_DEBUG.o (.bss.rx_Data)

.data      0    2020035c    000002c8     UNINITIALIZED
                  2020035c    000000f0     libc.a : defs.c.obj (.data._ftable)
                  2020044c    0000002c     inv_mpu.o (.data.st)
                  20200478    00000024     ball_ctrl.o (.data.ball_pid)
                  2020049c    00000024     controll.o (.data.pos_ctrl)
                  202004c0    0000001c     controll.o (.data.pid_L)
                  202004dc    0000001c     controll.o (.data.pid_R)
                  202004f8    0000001c     button.o (.data.task_name.names)
                  20200514    0000001c     controll.o (.data.turn_ctrl)
                  20200530    00000014     controll.o (.data.heading)
                  20200544    00000010     controll.o (.data.line_ctrl)
                  20200554    0000000c     mpu6050.o (.data.accel_bias)
                  20200560    0000000c     mpu6050.o (.data.gyro_bias)
                  2020056c    0000000a     camera_uart.o (.data.g_cam_uart)
                  20200576    00000002     main.o (.data.g_cam_dx)
                  20200578    00000004     ball_ctrl.o (.data.BALL_Update.last_cmd)
                  2020057c    00000004     ball_ctrl.o (.data.BALL_VOFA_Output.last_vofa)
                  20200580    00000004     libc.a : aeabi_portable.c.obj (.data.__aeabi_errno)
                  20200584    00000004            : _lock.c.obj (.data._lock)
                  20200588    00000004            : _lock.c.obj (.data._unlock)
                  2020058c    00000004     controll.o (.data.a)
                  20200590    00000004     mpu6050.o (.data.accel_home_pitch)
                  20200594    00000004     mpu6050.o (.data.accel_home_roll)
                  20200598    00000004     controll.o (.data.bias)
                  2020059c    00000004     encoder.o (.data.encoder_left)
                  202005a0    00000004     encoder.o (.data.encoder_left_temp)
                  202005a4    00000004     encoder.o (.data.encoder_right)
                  202005a8    00000004     encoder.o (.data.encoder_right_temp)
                  202005ac    00000004     camera_uart.o (.data.g_cam_last_update_ms)
                  202005b0    00000004     camera_uart.o (.data.g_cam_state_enter_ms)
                  202005b4    00000004     mpu6050.o (.data.g_mpu_accel_ax)
                  202005b8    00000004     mpu6050.o (.data.g_mpu_accel_ay)
                  202005bc    00000004     mpu6050.o (.data.g_mpu_accel_az)
                  202005c0    00000004     task.o (.data.g_task_start_ms)
                  202005c4    00000004     controll.o (.data.gyro_damp_k)
                  202005c8    00000004     controll.o (.data.middle_speed)
                  202005cc    00000004     controll.o (.data.pos_left)
                  202005d0    00000004     controll.o (.data.pos_right)
                  202005d4    00000004     stopwatch.o (.data.stopwatch_base)
                  202005d8    00000004     controll.o (.data.target_speed_L)
                  202005dc    00000004     controll.o (.data.target_speed_R)
                  202005e0    00000004     task.o (.data.task_4.cur_speed)
                  202005e4    00000004     task.o (.data.task_4.frozen_ms)
                  202005e8    00000004     task.o (.data.task_5.cur_speed)
                  202005ec    00000004     task.o (.data.task_5.frozen_ms)
                  202005f0    00000004     task.o (.data.task_5.stop_dist)
                  202005f4    00000004     task.o (.data.task_6.cur_speed)
                  202005f8    00000004     task.o (.data.task_6.frozen_ms)
                  202005fc    00000004     task.o (.data.task_6.stop_dist)
                  20200600    00000002     camera_uart.o (.data.g_cam_dx_filtered)
                  20200602    00000002     camera_uart.o (.data.g_cam_frame_cnt)
                  20200604    00000002     camera_uart.o (.data.g_cam_lost_frames)
                  20200606    00000002     camera_uart.o (.data.g_cam_rx_byte_cnt)
                  20200608    00000002     PID_DEBUG.o (.data.rx_cnt)
                  2020060a    00000002     PID_DEBUG.o (.data.rx_timeout)
                  2020060c    00000002     mpu6050.o (.data.stationary_cnt)
                  2020060e    00000001     interrupt.o (.data.enable_group1_irq)
                  2020060f    00000001     main.o (.data.g_home_request)
                  20200610    00000001     button.o (.data.g_start_flag)
                  20200611    00000001     controll.o (.data.g_stop_flag)
                  20200612    00000001     button.o (.data.g_task)
                  20200613    00000001     button.o (.data.k1_cnt)
                  20200614    00000001     button.o (.data.k1_done)
                  20200615    00000001     button.o (.data.k2_cnt)
                  20200616    00000001     button.o (.data.k2_done)
                  20200617    00000001     button.o (.data.k3_cnt)
                  20200618    00000001     button.o (.data.k3_done)
                  20200619    00000001     mpu6050.o (.data.mpu6050_int_flag)
                  2020061a    00000001     PID_DEBUG.o (.data.rx_complete_flag)
                  2020061b    00000001     task.o (.data.task_2.running)
                  2020061c    00000001     task.o (.data.task_4.running)
                  2020061d    00000001     task.o (.data.task_4.time_frozen)
                  2020061e    00000001     task.o (.data.task_5.running)
                  2020061f    00000001     task.o (.data.task_5.stopping)
                  20200620    00000001     task.o (.data.task_5.time_frozen)
                  20200621    00000001     task.o (.data.task_6.running)
                  20200622    00000001     task.o (.data.task_6.stopping)
                  20200623    00000001     task.o (.data.task_6.time_frozen)

.stack     0    20207e00    00000200     UNINITIALIZED
                  20207e00    00000004     libc.a : boot_cortex_m.c.obj (.stack)
                  20207e04    000001fc     --HOLE--

__llvm_prf_cnts 
*          0    20200000    00000000     UNINITIALIZED

__llvm_prf_bits 
*          0    20200000    00000000     UNINITIALIZED

MODULE SUMMARY

       Module                         code    ro data   rw data
       ------                         ----    -------   -------
    .\
       ti_msp_dl_config.o             3574    160       584    
       main.o                         384     57        35     
       startup_mspm0g350x_ticlang.o   8       192       0      
    +--+------------------------------+-------+---------+---------+
       Total:                         3966    409       619    
                                                               
    .\Drivers\MPU6050\
       inv_mpu.o                      4440    82        44     
       mpu6050.o                      2396    0         189    
       mspm0_i2c.o                    610     0         0      
       kalman_filter.o                488     0         0      
    +--+------------------------------+-------+---------+---------+
       Total:                         7934    82        233    
                                                               
    .\Drivers\MSPM0\
       interrupt.o                    352     0         1      
       clock.o                        308     0         4      
    +--+------------------------------+-------+---------+---------+
       Total:                         660     0         5      
                                                               
    .\Drivers\OLED_Hardware_I2C\
       oled_hardware_i2c.o            1820    2072      0      
    +--+------------------------------+-------+---------+---------+
       Total:                         1820    2072      0      
                                                               
    .\mycode\
       controll.o                     2880    32        205    
       task.o                         1832    48        61     
       PID_DEBUG.o                    1672    42        70     
       ball_ctrl.o                    856     43        44     
       button.o                       586     51        36     
       camera_uart.o                  628     0         26     
       encoder.o                      586     0         16     
       stepper.o                      544     0         0      
       motor.o                        368     0         0      
       grayscale_sensor.o             206     0         0      
       vofa.o                         108     0         0      
       gimbal_task.o                  24      0         0      
       stopwatch.o                    20      0         4      
    +--+------------------------------+-------+---------+---------+
       Total:                         10310   216       462    
                                                               
    C:/ti/mspm0_sdk_2_10_00_04/source/ti/driverlib/lib/ticlang/m0p/mspm0g1x0x_g3x0x/driverlib.a
       dl_timer.o                     608     0         0      
       dl_sysctl_mspm0g1x0x_g3x0x.o   416     0         0      
       dl_i2c.o                       192     0         0      
       dl_uart.o                      138     0         0      
       dl_common.o                    10      0         0      
    +--+------------------------------+-------+---------+---------+
       Total:                         1364    0         0      
                                                               
    C:\ti\ccs2051\ccs\tools\compiler\ti-cgt-armllvm_4.0.4.LTS\lib\armv6m-ti-none-eabi/c/libc.a
       _printfi.c.obj                 4510    34        0      
       strtod.c.obj                   968     200       0      
       s_atanf.c.obj                  466     32        0      
       e_atan2f.c.obj                 280     0         0      
       aeabi_ctype.S.obj              0       257       0      
       defs.c.obj                     0       0         240    
       s_scalbn.c.obj                 216     0         0      
       e_sqrtf.c.obj                  160     0         0      
       copy_decompress_lzss.c.obj     124     0         0      
       printf.c.obj                   108     0         0      
       s_frexp.c.obj                  92      0         0      
       sprintf.c.obj                  90      0         0      
       _ltoa.c.obj                    88      0         0      
       atoi.c.obj                     64      0         0      
       autoinit.c.obj                 60      0         0      
       boot_cortex_m.c.obj            56      0         0      
       memccpy.c.obj                  34      0         0      
       copy_zero_init.c.obj           22      0         0      
       strchr.c.obj                   20      0         0      
       copy_decompress_none.c.obj     18      0         0      
       memcpy16.S.obj                 18      0         0      
       wcslen.c.obj                   16      0         0      
       memset16.S.obj                 14      0         0      
       strlen.c.obj                   14      0         0      
       aeabi_portable.c.obj           8       0         4      
       _lock.c.obj                    2       0         8      
       atof.c.obj                     10      0         0      
       exit.c.obj                     6       0         0      
       pre_init.c.obj                 4       0         0      
    +--+------------------------------+-------+---------+---------+
       Total:                         7468    523       252    
                                                               
    C:\ti\ccs2051\ccs\tools\compiler\ti-cgt-armllvm_4.0.4.LTS\lib\armv6m-ti-none-eabi/c/libsysbm.a
       hostexit.c.obj                 4       0         0      
    +--+------------------------------+-------+---------+---------+
       Total:                         4       0         0      
                                                               
    C:\ti\ccs2051\ccs\tools\compiler\ti-cgt-armllvm_4.0.4.LTS\lib\armv6m-ti-none-eabi/libclang_rt.builtins.a
       adddf3.S.obj                   418     0         0      
       divdf3.S.obj                   268     0         0      
       addsf3.S.obj                   232     0         0      
       muldf3.S.obj                   228     0         0      
       comparedf2.c.obj               220     0         0      
       udivmoddi4.S.obj               162     0         0      
       divsf3.S.obj                   146     0         0      
       mulsf3.S.obj                   140     0         0      
       comparesf2.S.obj               118     0         0      
       truncdfsf2.S.obj               116     0         0      
       aeabi_dcmp.S.obj               114     0         0      
       aeabi_fcmp.S.obj               98      0         0      
       aeabi_idivmod.S.obj            86      0         0      
       fixdfsi.S.obj                  74      0         0      
       aeabi_uidivmod.S.obj           64      0         0      
       extendsfdf2.S.obj              64      0         0      
       floatsisf.S.obj                60      0         0      
       muldsi3.S.obj                  58      0         0      
       fixsfsi.S.obj                  56      0         0      
       fixunssfsi.S.obj               50      0         0      
       floatsidf.S.obj                44      0         0      
       floatunsisf.S.obj              40      0         0      
       floatunsidf.S.obj              36      0         0      
       muldi3.S.obj                   36      0         0      
       ashldi3.S.obj                  30      0         0      
       aeabi_uldivmod.S.obj           20      0         0      
       aeabi_memset.S.obj             14      0         0      
       aeabi_memcpy.S.obj             8       0         0      
       aeabi_div0.c.obj               4       0         0      
    +--+------------------------------+-------+---------+---------+
       Total:                         3004    0         0      
                                                               
       Stack:                         0       0         512    
       Linker Generated:              0       215       0      
    +--+------------------------------+-------+---------+---------+
       Grand Total:                   36530   3517      2083   


LINKER GENERATED COPY TABLES

__TI_cinit_table @ 00009c98 records: 2, size/record: 8, table size: 16
	.data: load addr=00009bd0, load size=000000b3 bytes, run addr=2020035c, run size=000002c8 bytes, compression=lzss
	.bss: load addr=00009c90, load size=00000008 bytes, run addr=20200000, run size=0000035b bytes, compression=zero_init


LINKER GENERATED HANDLER TABLE

__TI_handler_table @ 00009c84 records: 3, size/record: 4, table size: 12
	index: 0, handler: __TI_decompress_lzss
	index: 1, handler: __TI_decompress_none
	index: 2, handler: __TI_zero_init


FAR CALL TRAMPOLINES

callee name               trampoline name
   callee addr  tramp addr   call addr  call info
--------------  -----------  ---------  ----------------
__aeabi_dsub              $Tramp$TT$L$PI$$__aeabi_dsub
   00003ccd     00008ec0     00008ebe   libc.a : _printfi.c.obj (.text.OUTLINED_FUNCTION_0)
__aeabi_dcmpeq            $Tramp$TT$L$PI$$__aeabi_dcmpeq
   00007075     00008f08     00008f06   libc.a : strtod.c.obj (.text.OUTLINED_FUNCTION_1)
__aeabi_fdiv              $Tramp$TT$L$PI$$__aeabi_fdiv
   00006781     00008f48     00008f44   libc.a : s_atanf.c.obj (.text.OUTLINED_FUNCTION_0)
__aeabi_fadd              $Tramp$TT$L$PI$$__aeabi_fadd
   00005863     00008f6c     00008f68   libc.a : s_atanf.c.obj (.text.OUTLINED_FUNCTION_1)
_c_int00_noargs           $Tramp$TT$L$PI$$_c_int00_noargs
   00008361     00008f80     00008f7c   startup_mspm0g350x_ticlang.o (.text.Reset_Handler)

[5 trampolines]
[5 trampoline calls]


GLOBAL SYMBOLS: SORTED ALPHABETICALLY BY Name 

address   name                                 
-------   ----                                 
00008f5f  ADC0_IRQHandler                      
00008f5f  ADC1_IRQHandler                      
00008f5f  AES_IRQHandler                       
00007a95  BALL_Init                            
0000856d  BALL_Reset                           
0000211d  BALL_Update                          
00005c6d  BALL_VOFA_Output                     
00008f62  C$$EXIT                              
00008f5f  CANFD0_IRQHandler                    
00007add  CameraUART_SendCmd                   
00003e61  Controll                             
00008f5f  DAC0_IRQHandler                      
00008ead  DL_Common_delayCycles                
000071fd  DL_I2C_fillControllerTXFIFO          
00007e01  DL_I2C_flushControllerTXFIFO         
000083af  DL_I2C_setClockConfig                
000086f5  DL_SYSCTL_configFCC                  
000056a5  DL_SYSCTL_configSYSPLL               
00006fad  DL_SYSCTL_setHFCLKSourceHFXTParams   
00007bb5  DL_SYSCTL_switchMCLKfromSYSOSCtoHSCLK
00004f29  DL_Timer_initFourCCPWMMode           
0000502d  DL_Timer_initTimerMode               
00008781  DL_Timer_setCaptCompUpdateMethod     
00008a99  DL_Timer_setCaptureCompareOutCtl     
00008e1d  DL_Timer_setCaptureCompareValue      
0000879d  DL_Timer_setClockConfig              
00007b25  DL_UART_init                         
00008db5  DL_UART_setClockConfig               
00008165  DL_UART_transmitDataBlocking         
00008f5f  DMA_IRQHandler                       
00008f5f  Default_Handler                      
00008f5f  GROUP0_IRQHandler                    
00006885  GROUP1_IRQHandler                    
00005ea1  Grayscale_Sensor_Read_All            
00008f63  HOSTexit                             
00008f5f  HardFault_Handler                    
00008f5f  I2C0_IRQHandler                      
00008f5f  I2C1_IRQHandler                      
00007429  Interrupt_Init                       
00007bf9  KalmanFilter_Init                    
00003651  KalmanFilter_Update                  
00008f5f  NMI_Handler                          
00006e0b  OLED_Clear                           
00004bfd  OLED_Init                            
00007e79  OLED_Set_Pos                         
000049cd  OLED_ShowChar                        
00006c4d  OLED_ShowString                      
00006299  OLED_WR_Byte                         
00000a91  ParsePIDData                         
00008f5f  PendSV_Handler                       
00008f5f  RTC_IRQHandler                       
00000ff5  Read_MPU6050                         
00008f7d  Reset_Handler                        
00008f5f  SPI0_IRQHandler                      
00008f5f  SPI1_IRQHandler                      
000083d5  STEPPER_CB_Absolute                  
000087d5  STEPPER_Enable                       
00006cbd  STEPPER_GoToAngle                    
00007c3d  STEPPER_SendRaw                      
00003e5f  STEPPER_UART_Init                    
00008f5f  SVC_Handler                          
00001c95  SYSCFG_DL_GPIO_init                  
00007481  SYSCFG_DL_I2C_MPU6050_init           
000074d9  SYSCFG_DL_I2C_OLED_init              
00006459  SYSCFG_DL_PWM_0_init                 
0000530d  SYSCFG_DL_SYSCTL_SYSPLL_init         
00006901  SYSCFG_DL_SYSCTL_init                
00007c81  SYSCFG_DL_Stepper_UART_init          
00007cc1  SYSCFG_DL_TIMER_controll_init        
00007eb5  SYSCFG_DL_TIMER_read_init            
00007d01  SYSCFG_DL_TIMER_tepper_init          
00007639  SYSCFG_DL_UART_camera_init           
00007875  SYSCFG_DL_UART_vofa_init             
000072b9  SYSCFG_DL_init                       
00005931  SYSCFG_DL_initPower                  
00008d29  Stopwatch_Init                       
00008e2d  SysTick_Handler                      
00008b41  SysTick_Init                         
00008f5f  TIMA0_IRQHandler                     
00008f19  TIMA1_IRQHandler                     
00006331  TIMG0_IRQHandler                     
00008f5f  TIMG12_IRQHandler                    
00008b59  TIMG6_IRQHandler                     
00008f5f  TIMG7_IRQHandler                     
00008f5f  TIMG8_IRQHandler                     
00008dc7  TI_memcpy_small                      
00008e87  TI_memset_small                      
00008f5f  UART0_IRQHandler                     
00008f5f  UART1_IRQHandler                     
00005129  UART2_IRQHandler                     
0000255d  UART3_IRQHandler                     
20208000  __STACK_END                          
00000200  __STACK_SIZE                         
00000000  __TI_ATRegion0_region_sz             
00000000  __TI_ATRegion0_src_addr              
00000000  __TI_ATRegion0_trg_addr              
00000000  __TI_ATRegion1_region_sz             
00000000  __TI_ATRegion1_src_addr              
00000000  __TI_ATRegion1_trg_addr              
00000000  __TI_ATRegion2_region_sz             
00000000  __TI_ATRegion2_src_addr              
00000000  __TI_ATRegion2_trg_addr              
00009c98  __TI_CINIT_Base                      
00009ca8  __TI_CINIT_Limit                     
00009ca8  __TI_CINIT_Warm                      
00009c84  __TI_Handler_Table_Base              
00009c90  __TI_Handler_Table_Limit             
00007fa5  __TI_auto_init_nobinit_nopinit       
0000697d  __TI_decompress_lzss                 
00008dd9  __TI_decompress_none                 
00007531  __TI_ltoa                            
ffffffff  __TI_pprof_out_hndl                  
000000c1  __TI_printfi                         
ffffffff  __TI_prof_data_size                  
ffffffff  __TI_prof_data_start                 
00000000  __TI_static_base__                   
00008c0d  __TI_zero_init_nomemset              
00003cd7  __adddf3                             
00005863  __addsf3                             
000097c0  __aeabi_ctype_table_                 
000097c0  __aeabi_ctype_table_C                
00006af1  __aeabi_d2f                          
00007a49  __aeabi_d2iz                         
00003cd7  __aeabi_dadd                         
00007075  __aeabi_dcmpeq                       
000070b1  __aeabi_dcmpge                       
000070c5  __aeabi_dcmpgt                       
0000709d  __aeabi_dcmple                       
00007089  __aeabi_dcmplt                       
00004e1d  __aeabi_ddiv                         
000054dd  __aeabi_dmul                         
00003ccd  __aeabi_dsub                         
20200580  __aeabi_errno                        
00008f21  __aeabi_errno_addr                   
00007d81  __aeabi_f2d                          
00008059  __aeabi_f2iz                         
00008131  __aeabi_f2uiz                        
00005863  __aeabi_fadd                         
000070d9  __aeabi_fcmpeq                       
00007115  __aeabi_fcmpge                       
00007129  __aeabi_fcmpgt                       
00007101  __aeabi_fcmple                       
000070ed  __aeabi_fcmplt                       
00006781  __aeabi_fdiv                         
000064e5  __aeabi_fmul                         
00005859  __aeabi_fsub                         
000081f1  __aeabi_i2d                          
00007ef1  __aeabi_i2f                          
000075e1  __aeabi_idiv                         
0000615b  __aeabi_idiv0                        
000075e1  __aeabi_idivmod                      
00006803  __aeabi_ldiv0                        
0000854d  __aeabi_llsl                         
00008421  __aeabi_lmul                         
00008f29  __aeabi_memcpy                       
00008f29  __aeabi_memcpy4                      
00008f29  __aeabi_memcpy8                      
00008e5d  __aeabi_memset                       
00008e5d  __aeabi_memset4                      
00008e5d  __aeabi_memset8                      
000083fd  __aeabi_ui2d                         
00008311  __aeabi_ui2f                         
00007d41  __aeabi_uidiv                        
00007d41  __aeabi_uidivmod                     
00008d3d  __aeabi_uldivmod                     
0000854d  __ashldi3                            
ffffffff  __binit__                            
00006e75  __cmpdf2                             
00007fe1  __cmpsf2                             
00004e1d  __divdf3                             
00006781  __divsf3                             
00006e75  __eqdf2                              
00007fe1  __eqsf2                              
00007d81  __extendsfdf2                        
00007a49  __fixdfsi                            
00008059  __fixsfsi                            
00008131  __fixunssfsi                         
000081f1  __floatsidf                          
00007ef1  __floatsisf                          
000083fd  __floatunsidf                        
00008311  __floatunsisf                        
00006a71  __gedf2                              
00007f2d  __gesf2                              
00006a71  __gtdf2                              
00007f2d  __gtsf2                              
00006e75  __ledf2                              
00007fe1  __lesf2                              
00006e75  __ltdf2                              
00007fe1  __ltsf2                              
UNDEFED   __mpu_init                           
000054dd  __muldf3                             
00008421  __muldi3                             
0000801d  __muldsi3                            
000064e5  __mulsf3                             
00006e75  __nedf2                              
00007fe1  __nesf2                              
20207e00  __stack                              
20200000  __start___llvm_prf_bits              
20200000  __start___llvm_prf_cnts              
20200000  __stop___llvm_prf_bits               
20200000  __stop___llvm_prf_cnts               
00003ccd  __subdf3                             
00005859  __subsf3                             
00006af1  __truncdfsf2                         
000060b9  __udivmoddi4                         
00008361  _c_int00_noargs                      
2020035c  _ftable                              
20200584  _lock                                
00006a6f  _nop                                 
UNDEFED   _system_post_cinit                   
00008f91  _system_pre_init                     
20200588  _unlock                              
2020058c  a                                    
00008f59  abort                                
20200318  accel                                
00009590  asc2_0806                            
00008fa0  asc2_1608                            
00004ae5  atan2f                               
00003111  atanf                                
00008ee5  atof                                 
00007dc1  atoi                                 
20200478  ball_pid                             
20200598  bias                                 
ffffffff  binit                                
00008e3d  delay_ms                             
00007011  detect_stop                          
2020060e  enable_group1_irq                    
2020059c  encoder_left                         
202005a0  encoder_left_temp                    
000037f5  encoder_read                         
202005a4  encoder_right                        
202005a8  encoder_right_temp                   
000087f1  fputc                                
00007915  fputs                                
00007315  frexp                                
00007315  frexpl                               
20200000  gPWM_0Backup                         
202000bc  gTIMER_controllBackup                
20200178  gTIMER_tepperBackup                  
20200258  gUART_cameraBackup                   
20200576  g_cam_dx                             
20200602  g_cam_frame_cnt                      
202005ac  g_cam_last_update_ms                 
20200604  g_cam_lost_frames                    
20200606  g_cam_rx_byte_cnt                    
2020060f  g_home_request                       
202005b4  g_mpu_accel_ax                       
202005b8  g_mpu_accel_ay                       
202005bc  g_mpu_accel_az                       
20200610  g_start_flag                         
20200611  g_stop_flag                          
20200612  g_task                               
2020031e  gyro                                 
202005c4  gyro_damp_k                          
2020033c  gz_dps                               
20200530  heading                              
00009b1c  hw                                   
00000000  interruptVectors                     
20200288  kf_pitch                             
202002b0  kf_roll                              
20200340  last_timestamp                       
00005781  ldexp                                
00005781  ldexpl                               
20200544  line_ctrl                            
00003fe9  main                                 
00008469  memccpy                              
202005c8  middle_speed                         
00001469  mpu6050_init                         
20200619  mpu6050_int_flag                     
00005d29  mpu_configure_fifo                   
00006bd9  mpu_get_accel_fsr                    
00006679  mpu_get_accel_reg                    
00006805  mpu_get_accel_sens                   
0000713d  mpu_get_gyro_fsr                     
000066fd  mpu_get_gyro_reg                     
00006d2d  mpu_get_gyro_sens                    
000080c9  mpu_get_sample_rate                  
00005de5  mpu_get_temperature                  
0000275d  mpu_init                             
00004d0d  mpu_lp_accel_mode                    
00001ef1  mpu_reset_fifo                       
000055c1  mpu_set_accel_fsr                    
00003995  mpu_set_bypass                       
00005ba9  mpu_set_gyro_fsr                     
000061fd  mpu_set_int_latched                  
00005ad9  mpu_set_lpf                          
00005221  mpu_set_sample_rate                  
00004651  mpu_set_sensors                      
0000880d  mspm0_delay_ms                       
0000821d  mspm0_get_clock_ms                   
00005f59  mspm0_i2c_read                       
00006011  mspm0_i2c_write                      
202002d8  oled_buffer                          
0000719d  oled_i2c_sda_unlock                  
202004c0  pid_L                                
202004dc  pid_R                                
20200344  pitch                                
2020049c  pos_ctrl                             
202005cc  pos_left                             
202005d0  pos_right                            
00004781  position_controll                    
000073cd  printf                               
00008445  process_line_sensors                 
0000295d  read_button                          
00009a4c  reg                                  
00008d51  reset_position                       
20200348  roll                                 
00005781  scalbn                               
00005781  scalbnl                              
2020034c  sensor_timestamp                     
00004299  set_speed                            
00008339  set_target_position                  
00008d65  set_target_speed                     
000084ed  speed_controll_L                     
0000850d  speed_controll_R                     
00008091  sprintf                              
0000615d  sqrtf                                
00008d8d  strchr                               
00008e79  strlen                               
000018dd  strtod                               
000018dd  strtold                              
202005d8  target_speed_L                       
202005dc  target_speed_R                       
00008ea1  task_1                               
00006edd  task_2                               
00008eef  task_3                               
000032d9  task_4                               
00002b5d  task_5                               
00002d49  task_6                               
000080fd  task_name                            
000099e4  test                                 
20200350  tick_ms                              
000053f5  turn_angle                           
00003495  turn_controll                        
20200514  turn_ctrl                            
00008e4d  wcslen                               
20200354  yaw                                  


GLOBAL SYMBOLS: SORTED BY Symbol Address 

address   name                                 
-------   ----                                 
00000000  __TI_ATRegion0_region_sz             
00000000  __TI_ATRegion0_src_addr              
00000000  __TI_ATRegion0_trg_addr              
00000000  __TI_ATRegion1_region_sz             
00000000  __TI_ATRegion1_src_addr              
00000000  __TI_ATRegion1_trg_addr              
00000000  __TI_ATRegion2_region_sz             
00000000  __TI_ATRegion2_src_addr              
00000000  __TI_ATRegion2_trg_addr              
00000000  __TI_static_base__                   
00000000  interruptVectors                     
000000c1  __TI_printfi                         
00000200  __STACK_SIZE                         
00000a91  ParsePIDData                         
00000ff5  Read_MPU6050                         
00001469  mpu6050_init                         
000018dd  strtod                               
000018dd  strtold                              
00001c95  SYSCFG_DL_GPIO_init                  
00001ef1  mpu_reset_fifo                       
0000211d  BALL_Update                          
0000255d  UART3_IRQHandler                     
0000275d  mpu_init                             
0000295d  read_button                          
00002b5d  task_5                               
00002d49  task_6                               
00003111  atanf                                
000032d9  task_4                               
00003495  turn_controll                        
00003651  KalmanFilter_Update                  
000037f5  encoder_read                         
00003995  mpu_set_bypass                       
00003ccd  __aeabi_dsub                         
00003ccd  __subdf3                             
00003cd7  __adddf3                             
00003cd7  __aeabi_dadd                         
00003e5f  STEPPER_UART_Init                    
00003e61  Controll                             
00003fe9  main                                 
00004299  set_speed                            
00004651  mpu_set_sensors                      
00004781  position_controll                    
000049cd  OLED_ShowChar                        
00004ae5  atan2f                               
00004bfd  OLED_Init                            
00004d0d  mpu_lp_accel_mode                    
00004e1d  __aeabi_ddiv                         
00004e1d  __divdf3                             
00004f29  DL_Timer_initFourCCPWMMode           
0000502d  DL_Timer_initTimerMode               
00005129  UART2_IRQHandler                     
00005221  mpu_set_sample_rate                  
0000530d  SYSCFG_DL_SYSCTL_SYSPLL_init         
000053f5  turn_angle                           
000054dd  __aeabi_dmul                         
000054dd  __muldf3                             
000055c1  mpu_set_accel_fsr                    
000056a5  DL_SYSCTL_configSYSPLL               
00005781  ldexp                                
00005781  ldexpl                               
00005781  scalbn                               
00005781  scalbnl                              
00005859  __aeabi_fsub                         
00005859  __subsf3                             
00005863  __addsf3                             
00005863  __aeabi_fadd                         
00005931  SYSCFG_DL_initPower                  
00005ad9  mpu_set_lpf                          
00005ba9  mpu_set_gyro_fsr                     
00005c6d  BALL_VOFA_Output                     
00005d29  mpu_configure_fifo                   
00005de5  mpu_get_temperature                  
00005ea1  Grayscale_Sensor_Read_All            
00005f59  mspm0_i2c_read                       
00006011  mspm0_i2c_write                      
000060b9  __udivmoddi4                         
0000615b  __aeabi_idiv0                        
0000615d  sqrtf                                
000061fd  mpu_set_int_latched                  
00006299  OLED_WR_Byte                         
00006331  TIMG0_IRQHandler                     
00006459  SYSCFG_DL_PWM_0_init                 
000064e5  __aeabi_fmul                         
000064e5  __mulsf3                             
00006679  mpu_get_accel_reg                    
000066fd  mpu_get_gyro_reg                     
00006781  __aeabi_fdiv                         
00006781  __divsf3                             
00006803  __aeabi_ldiv0                        
00006805  mpu_get_accel_sens                   
00006885  GROUP1_IRQHandler                    
00006901  SYSCFG_DL_SYSCTL_init                
0000697d  __TI_decompress_lzss                 
00006a6f  _nop                                 
00006a71  __gedf2                              
00006a71  __gtdf2                              
00006af1  __aeabi_d2f                          
00006af1  __truncdfsf2                         
00006bd9  mpu_get_accel_fsr                    
00006c4d  OLED_ShowString                      
00006cbd  STEPPER_GoToAngle                    
00006d2d  mpu_get_gyro_sens                    
00006e0b  OLED_Clear                           
00006e75  __cmpdf2                             
00006e75  __eqdf2                              
00006e75  __ledf2                              
00006e75  __ltdf2                              
00006e75  __nedf2                              
00006edd  task_2                               
00006fad  DL_SYSCTL_setHFCLKSourceHFXTParams   
00007011  detect_stop                          
00007075  __aeabi_dcmpeq                       
00007089  __aeabi_dcmplt                       
0000709d  __aeabi_dcmple                       
000070b1  __aeabi_dcmpge                       
000070c5  __aeabi_dcmpgt                       
000070d9  __aeabi_fcmpeq                       
000070ed  __aeabi_fcmplt                       
00007101  __aeabi_fcmple                       
00007115  __aeabi_fcmpge                       
00007129  __aeabi_fcmpgt                       
0000713d  mpu_get_gyro_fsr                     
0000719d  oled_i2c_sda_unlock                  
000071fd  DL_I2C_fillControllerTXFIFO          
000072b9  SYSCFG_DL_init                       
00007315  frexp                                
00007315  frexpl                               
000073cd  printf                               
00007429  Interrupt_Init                       
00007481  SYSCFG_DL_I2C_MPU6050_init           
000074d9  SYSCFG_DL_I2C_OLED_init              
00007531  __TI_ltoa                            
000075e1  __aeabi_idiv                         
000075e1  __aeabi_idivmod                      
00007639  SYSCFG_DL_UART_camera_init           
00007875  SYSCFG_DL_UART_vofa_init             
00007915  fputs                                
00007a49  __aeabi_d2iz                         
00007a49  __fixdfsi                            
00007a95  BALL_Init                            
00007add  CameraUART_SendCmd                   
00007b25  DL_UART_init                         
00007bb5  DL_SYSCTL_switchMCLKfromSYSOSCtoHSCLK
00007bf9  KalmanFilter_Init                    
00007c3d  STEPPER_SendRaw                      
00007c81  SYSCFG_DL_Stepper_UART_init          
00007cc1  SYSCFG_DL_TIMER_controll_init        
00007d01  SYSCFG_DL_TIMER_tepper_init          
00007d41  __aeabi_uidiv                        
00007d41  __aeabi_uidivmod                     
00007d81  __aeabi_f2d                          
00007d81  __extendsfdf2                        
00007dc1  atoi                                 
00007e01  DL_I2C_flushControllerTXFIFO         
00007e79  OLED_Set_Pos                         
00007eb5  SYSCFG_DL_TIMER_read_init            
00007ef1  __aeabi_i2f                          
00007ef1  __floatsisf                          
00007f2d  __gesf2                              
00007f2d  __gtsf2                              
00007fa5  __TI_auto_init_nobinit_nopinit       
00007fe1  __cmpsf2                             
00007fe1  __eqsf2                              
00007fe1  __lesf2                              
00007fe1  __ltsf2                              
00007fe1  __nesf2                              
0000801d  __muldsi3                            
00008059  __aeabi_f2iz                         
00008059  __fixsfsi                            
00008091  sprintf                              
000080c9  mpu_get_sample_rate                  
000080fd  task_name                            
00008131  __aeabi_f2uiz                        
00008131  __fixunssfsi                         
00008165  DL_UART_transmitDataBlocking         
000081f1  __aeabi_i2d                          
000081f1  __floatsidf                          
0000821d  mspm0_get_clock_ms                   
00008311  __aeabi_ui2f                         
00008311  __floatunsisf                        
00008339  set_target_position                  
00008361  _c_int00_noargs                      
000083af  DL_I2C_setClockConfig                
000083d5  STEPPER_CB_Absolute                  
000083fd  __aeabi_ui2d                         
000083fd  __floatunsidf                        
00008421  __aeabi_lmul                         
00008421  __muldi3                             
00008445  process_line_sensors                 
00008469  memccpy                              
000084ed  speed_controll_L                     
0000850d  speed_controll_R                     
0000854d  __aeabi_llsl                         
0000854d  __ashldi3                            
0000856d  BALL_Reset                           
000086f5  DL_SYSCTL_configFCC                  
00008781  DL_Timer_setCaptCompUpdateMethod     
0000879d  DL_Timer_setClockConfig              
000087d5  STEPPER_Enable                       
000087f1  fputc                                
0000880d  mspm0_delay_ms                       
00008a99  DL_Timer_setCaptureCompareOutCtl     
00008b41  SysTick_Init                         
00008b59  TIMG6_IRQHandler                     
00008c0d  __TI_zero_init_nomemset              
00008d29  Stopwatch_Init                       
00008d3d  __aeabi_uldivmod                     
00008d51  reset_position                       
00008d65  set_target_speed                     
00008d8d  strchr                               
00008db5  DL_UART_setClockConfig               
00008dc7  TI_memcpy_small                      
00008dd9  __TI_decompress_none                 
00008e1d  DL_Timer_setCaptureCompareValue      
00008e2d  SysTick_Handler                      
00008e3d  delay_ms                             
00008e4d  wcslen                               
00008e5d  __aeabi_memset                       
00008e5d  __aeabi_memset4                      
00008e5d  __aeabi_memset8                      
00008e79  strlen                               
00008e87  TI_memset_small                      
00008ea1  task_1                               
00008ead  DL_Common_delayCycles                
00008ee5  atof                                 
00008eef  task_3                               
00008f19  TIMA1_IRQHandler                     
00008f21  __aeabi_errno_addr                   
00008f29  __aeabi_memcpy                       
00008f29  __aeabi_memcpy4                      
00008f29  __aeabi_memcpy8                      
00008f59  abort                                
00008f5f  ADC0_IRQHandler                      
00008f5f  ADC1_IRQHandler                      
00008f5f  AES_IRQHandler                       
00008f5f  CANFD0_IRQHandler                    
00008f5f  DAC0_IRQHandler                      
00008f5f  DMA_IRQHandler                       
00008f5f  Default_Handler                      
00008f5f  GROUP0_IRQHandler                    
00008f5f  HardFault_Handler                    
00008f5f  I2C0_IRQHandler                      
00008f5f  I2C1_IRQHandler                      
00008f5f  NMI_Handler                          
00008f5f  PendSV_Handler                       
00008f5f  RTC_IRQHandler                       
00008f5f  SPI0_IRQHandler                      
00008f5f  SPI1_IRQHandler                      
00008f5f  SVC_Handler                          
00008f5f  TIMA0_IRQHandler                     
00008f5f  TIMG12_IRQHandler                    
00008f5f  TIMG7_IRQHandler                     
00008f5f  TIMG8_IRQHandler                     
00008f5f  UART0_IRQHandler                     
00008f5f  UART1_IRQHandler                     
00008f62  C$$EXIT                              
00008f63  HOSTexit                             
00008f7d  Reset_Handler                        
00008f91  _system_pre_init                     
00008fa0  asc2_1608                            
00009590  asc2_0806                            
000097c0  __aeabi_ctype_table_                 
000097c0  __aeabi_ctype_table_C                
000099e4  test                                 
00009a4c  reg                                  
00009b1c  hw                                   
00009c84  __TI_Handler_Table_Base              
00009c90  __TI_Handler_Table_Limit             
00009c98  __TI_CINIT_Base                      
00009ca8  __TI_CINIT_Limit                     
00009ca8  __TI_CINIT_Warm                      
20200000  __start___llvm_prf_bits              
20200000  __start___llvm_prf_cnts              
20200000  __stop___llvm_prf_bits               
20200000  __stop___llvm_prf_cnts               
20200000  gPWM_0Backup                         
202000bc  gTIMER_controllBackup                
20200178  gTIMER_tepperBackup                  
20200258  gUART_cameraBackup                   
20200288  kf_pitch                             
202002b0  kf_roll                              
202002d8  oled_buffer                          
20200318  accel                                
2020031e  gyro                                 
2020033c  gz_dps                               
20200340  last_timestamp                       
20200344  pitch                                
20200348  roll                                 
2020034c  sensor_timestamp                     
20200350  tick_ms                              
20200354  yaw                                  
2020035c  _ftable                              
20200478  ball_pid                             
2020049c  pos_ctrl                             
202004c0  pid_L                                
202004dc  pid_R                                
20200514  turn_ctrl                            
20200530  heading                              
20200544  line_ctrl                            
20200576  g_cam_dx                             
20200580  __aeabi_errno                        
20200584  _lock                                
20200588  _unlock                              
2020058c  a                                    
20200598  bias                                 
2020059c  encoder_left                         
202005a0  encoder_left_temp                    
202005a4  encoder_right                        
202005a8  encoder_right_temp                   
202005ac  g_cam_last_update_ms                 
202005b4  g_mpu_accel_ax                       
202005b8  g_mpu_accel_ay                       
202005bc  g_mpu_accel_az                       
202005c4  gyro_damp_k                          
202005c8  middle_speed                         
202005cc  pos_left                             
202005d0  pos_right                            
202005d8  target_speed_L                       
202005dc  target_speed_R                       
20200602  g_cam_frame_cnt                      
20200604  g_cam_lost_frames                    
20200606  g_cam_rx_byte_cnt                    
2020060e  enable_group1_irq                    
2020060f  g_home_request                       
20200610  g_start_flag                         
20200611  g_stop_flag                          
20200612  g_task                               
20200619  mpu6050_int_flag                     
20207e00  __stack                              
20208000  __STACK_END                          
ffffffff  __TI_pprof_out_hndl                  
ffffffff  __TI_prof_data_size                  
ffffffff  __TI_prof_data_start                 
ffffffff  __binit__                            
ffffffff  binit                                
UNDEFED   __mpu_init                           
UNDEFED   _system_post_cinit                   

[337 symbols]
