<?xml version="1.0" encoding="ISO-8859-1" ?>
<link_info>
   <banner>TI ARM Clang Linker PC v4.0.4.LTS</banner>
   <copyright>Copyright (c) 1996-2018 Texas Instruments Incorporated</copyright>
   <command_line>C:\ti\ccs2051\ccs\tools\compiler\ti-cgt-armllvm_4.0.4.LTS\bin\tiarmlnk -IC:\ti\ccs2051\ccs\tools\compiler\ti-cgt-armllvm_4.0.4.LTS\lib -o mspm0-modules.out -mmspm0-modules.map -iC:/ti/mspm0_sdk_2_10_00_04/source -iE:/Ti_workplace/mspm0-modules -iE:/Ti_workplace/mspm0-modules/Debug/syscfg -iC:/ti/ccs2051/ccs/tools/compiler/ti-cgt-armllvm_4.0.4.LTS/lib --diag_wrap=off --display_error_number --warn_sections --xml_link_info=mspm0-modules_linkInfo.xml --rom_model ./main.o ./ti_msp_dl_config.o ./startup_mspm0g350x_ticlang.o ./Drivers/MPU6050/inv_mpu.o ./Drivers/MPU6050/inv_mpu_dmp_motion_driver.o ./Drivers/MPU6050/kalman_filter.o ./Drivers/MPU6050/mpu6050.o ./Drivers/MPU6050/mspm0_clock.o ./Drivers/MPU6050/mspm0_i2c.o ./Drivers/MSPM0/clock.o ./Drivers/MSPM0/interrupt.o ./Drivers/OLED_Hardware_I2C/oled_hardware_i2c.o ./mycode/Delay.o ./mycode/PID_DEBUG.o ./mycode/ball_ctrl.o ./mycode/button.o ./mycode/camera_uart.o ./mycode/controll.o ./mycode/encoder.o ./mycode/gimbal_task.o ./mycode/grayscale_sensor.o ./mycode/motor.o ./mycode/stepper.o ./mycode/stopwatch.o ./mycode/task.o ./mycode/test_stepper.o ./mycode/uart.o ./mycode/vofa.o -l./device_linker.cmd -ldevice.cmd.genlibs -llibc.a -lC:/ti/mspm0_sdk_2_10_00_04/source/ti/driverlib/lib/ticlang/m0p/mspm0g1x0x_g3x0x/driverlib.a --start-group -llibc++.a -llibc++abi.a -llibc.a -llibsys.a -llibsysbm.a -llibclang_rt.builtins.a -llibclang_rt.profile.a --end-group --cg_opt_level=0</command_line>
   <link_time>0x6a6de202</link_time>
   <link_errors>0x0</link_errors>
   <output_file>E:\Ti_workplace\mspm0-modules\Debug\mspm0-modules.out</output_file>
   <entry_point>
      <name>_c_int00_noargs</name>
      <address>0x8361</address>
   </entry_point>
   <input_file_list>
      <input_file id="fl-1">
         <path>E:\Ti_workplace\mspm0-modules\Debug\.\</path>
         <kind>object</kind>
         <file>main.o</file>
         <name>main.o</name>
      </input_file>
      <input_file id="fl-2">
         <path>E:\Ti_workplace\mspm0-modules\Debug\.\</path>
         <kind>object</kind>
         <file>ti_msp_dl_config.o</file>
         <name>ti_msp_dl_config.o</name>
      </input_file>
      <input_file id="fl-3">
         <path>E:\Ti_workplace\mspm0-modules\Debug\.\</path>
         <kind>object</kind>
         <file>startup_mspm0g350x_ticlang.o</file>
         <name>startup_mspm0g350x_ticlang.o</name>
      </input_file>
      <input_file id="fl-4">
         <path>E:\Ti_workplace\mspm0-modules\Debug\.\Drivers\MPU6050\</path>
         <kind>object</kind>
         <file>inv_mpu.o</file>
         <name>inv_mpu.o</name>
      </input_file>
      <input_file id="fl-5">
         <path>E:\Ti_workplace\mspm0-modules\Debug\.\Drivers\MPU6050\</path>
         <kind>object</kind>
         <file>inv_mpu_dmp_motion_driver.o</file>
         <name>inv_mpu_dmp_motion_driver.o</name>
      </input_file>
      <input_file id="fl-6">
         <path>E:\Ti_workplace\mspm0-modules\Debug\.\Drivers\MPU6050\</path>
         <kind>object</kind>
         <file>kalman_filter.o</file>
         <name>kalman_filter.o</name>
      </input_file>
      <input_file id="fl-7">
         <path>E:\Ti_workplace\mspm0-modules\Debug\.\Drivers\MPU6050\</path>
         <kind>object</kind>
         <file>mpu6050.o</file>
         <name>mpu6050.o</name>
      </input_file>
      <input_file id="fl-8">
         <path>E:\Ti_workplace\mspm0-modules\Debug\.\Drivers\MPU6050\</path>
         <kind>object</kind>
         <file>mspm0_clock.o</file>
         <name>mspm0_clock.o</name>
      </input_file>
      <input_file id="fl-9">
         <path>E:\Ti_workplace\mspm0-modules\Debug\.\Drivers\MPU6050\</path>
         <kind>object</kind>
         <file>mspm0_i2c.o</file>
         <name>mspm0_i2c.o</name>
      </input_file>
      <input_file id="fl-a">
         <path>E:\Ti_workplace\mspm0-modules\Debug\.\Drivers\MSPM0\</path>
         <kind>object</kind>
         <file>clock.o</file>
         <name>clock.o</name>
      </input_file>
      <input_file id="fl-b">
         <path>E:\Ti_workplace\mspm0-modules\Debug\.\Drivers\MSPM0\</path>
         <kind>object</kind>
         <file>interrupt.o</file>
         <name>interrupt.o</name>
      </input_file>
      <input_file id="fl-c">
         <path>E:\Ti_workplace\mspm0-modules\Debug\.\Drivers\OLED_Hardware_I2C\</path>
         <kind>object</kind>
         <file>oled_hardware_i2c.o</file>
         <name>oled_hardware_i2c.o</name>
      </input_file>
      <input_file id="fl-d">
         <path>E:\Ti_workplace\mspm0-modules\Debug\.\mycode\</path>
         <kind>object</kind>
         <file>Delay.o</file>
         <name>Delay.o</name>
      </input_file>
      <input_file id="fl-e">
         <path>E:\Ti_workplace\mspm0-modules\Debug\.\mycode\</path>
         <kind>object</kind>
         <file>PID_DEBUG.o</file>
         <name>PID_DEBUG.o</name>
      </input_file>
      <input_file id="fl-f">
         <path>E:\Ti_workplace\mspm0-modules\Debug\.\mycode\</path>
         <kind>object</kind>
         <file>ball_ctrl.o</file>
         <name>ball_ctrl.o</name>
      </input_file>
      <input_file id="fl-10">
         <path>E:\Ti_workplace\mspm0-modules\Debug\.\mycode\</path>
         <kind>object</kind>
         <file>button.o</file>
         <name>button.o</name>
      </input_file>
      <input_file id="fl-11">
         <path>E:\Ti_workplace\mspm0-modules\Debug\.\mycode\</path>
         <kind>object</kind>
         <file>camera_uart.o</file>
         <name>camera_uart.o</name>
      </input_file>
      <input_file id="fl-12">
         <path>E:\Ti_workplace\mspm0-modules\Debug\.\mycode\</path>
         <kind>object</kind>
         <file>controll.o</file>
         <name>controll.o</name>
      </input_file>
      <input_file id="fl-13">
         <path>E:\Ti_workplace\mspm0-modules\Debug\.\mycode\</path>
         <kind>object</kind>
         <file>encoder.o</file>
         <name>encoder.o</name>
      </input_file>
      <input_file id="fl-14">
         <path>E:\Ti_workplace\mspm0-modules\Debug\.\mycode\</path>
         <kind>object</kind>
         <file>gimbal_task.o</file>
         <name>gimbal_task.o</name>
      </input_file>
      <input_file id="fl-15">
         <path>E:\Ti_workplace\mspm0-modules\Debug\.\mycode\</path>
         <kind>object</kind>
         <file>grayscale_sensor.o</file>
         <name>grayscale_sensor.o</name>
      </input_file>
      <input_file id="fl-16">
         <path>E:\Ti_workplace\mspm0-modules\Debug\.\mycode\</path>
         <kind>object</kind>
         <file>motor.o</file>
         <name>motor.o</name>
      </input_file>
      <input_file id="fl-17">
         <path>E:\Ti_workplace\mspm0-modules\Debug\.\mycode\</path>
         <kind>object</kind>
         <file>stepper.o</file>
         <name>stepper.o</name>
      </input_file>
      <input_file id="fl-18">
         <path>E:\Ti_workplace\mspm0-modules\Debug\.\mycode\</path>
         <kind>object</kind>
         <file>stopwatch.o</file>
         <name>stopwatch.o</name>
      </input_file>
      <input_file id="fl-19">
         <path>E:\Ti_workplace\mspm0-modules\Debug\.\mycode\</path>
         <kind>object</kind>
         <file>task.o</file>
         <name>task.o</name>
      </input_file>
      <input_file id="fl-1a">
         <path>E:\Ti_workplace\mspm0-modules\Debug\.\mycode\</path>
         <kind>object</kind>
         <file>test_stepper.o</file>
         <name>test_stepper.o</name>
      </input_file>
      <input_file id="fl-1b">
         <path>E:\Ti_workplace\mspm0-modules\Debug\.\mycode\</path>
         <kind>object</kind>
         <file>uart.o</file>
         <name>uart.o</name>
      </input_file>
      <input_file id="fl-1c">
         <path>E:\Ti_workplace\mspm0-modules\Debug\.\mycode\</path>
         <kind>object</kind>
         <file>vofa.o</file>
         <name>vofa.o</name>
      </input_file>
      <input_file id="fl-2a">
         <path>E:\Ti_workplace\mspm0-modules\Debug\</path>
         <kind>object</kind>
         <file>&lt;internal&gt;</file>
         <name>&lt;internal&gt;</name>
      </input_file>
      <input_file id="fl-2b">
         <path>C:\ti\mspm0_sdk_2_10_00_04\source\ti\driverlib\lib\ticlang\m0p\mspm0g1x0x_g3x0x\</path>
         <kind>archive</kind>
         <file>driverlib.a</file>
         <name>dl_common.o</name>
      </input_file>
      <input_file id="fl-2c">
         <path>C:\ti\mspm0_sdk_2_10_00_04\source\ti\driverlib\lib\ticlang\m0p\mspm0g1x0x_g3x0x\</path>
         <kind>archive</kind>
         <file>driverlib.a</file>
         <name>dl_i2c.o</name>
      </input_file>
      <input_file id="fl-2d">
         <path>C:\ti\mspm0_sdk_2_10_00_04\source\ti\driverlib\lib\ticlang\m0p\mspm0g1x0x_g3x0x\</path>
         <kind>archive</kind>
         <file>driverlib.a</file>
         <name>dl_timer.o</name>
      </input_file>
      <input_file id="fl-2e">
         <path>C:\ti\mspm0_sdk_2_10_00_04\source\ti\driverlib\lib\ticlang\m0p\mspm0g1x0x_g3x0x\</path>
         <kind>archive</kind>
         <file>driverlib.a</file>
         <name>dl_uart.o</name>
      </input_file>
      <input_file id="fl-2f">
         <path>C:\ti\mspm0_sdk_2_10_00_04\source\ti\driverlib\lib\ticlang\m0p\mspm0g1x0x_g3x0x\</path>
         <kind>archive</kind>
         <file>driverlib.a</file>
         <name>dl_sysctl_mspm0g1x0x_g3x0x.o</name>
      </input_file>
      <input_file id="fl-46">
         <path>C:\ti\ccs2051\ccs\tools\compiler\ti-cgt-armllvm_4.0.4.LTS\lib\armv6m-ti-none-eabi\c\</path>
         <kind>archive</kind>
         <file>libc.a</file>
         <name>e_atan2f.c.obj</name>
      </input_file>
      <input_file id="fl-47">
         <path>C:\ti\ccs2051\ccs\tools\compiler\ti-cgt-armllvm_4.0.4.LTS\lib\armv6m-ti-none-eabi\c\</path>
         <kind>archive</kind>
         <file>libc.a</file>
         <name>e_sqrtf.c.obj</name>
      </input_file>
      <input_file id="fl-48">
         <path>C:\ti\ccs2051\ccs\tools\compiler\ti-cgt-armllvm_4.0.4.LTS\lib\armv6m-ti-none-eabi\c\</path>
         <kind>archive</kind>
         <file>libc.a</file>
         <name>s_atanf.c.obj</name>
      </input_file>
      <input_file id="fl-49">
         <path>C:\ti\ccs2051\ccs\tools\compiler\ti-cgt-armllvm_4.0.4.LTS\lib\armv6m-ti-none-eabi\c\</path>
         <kind>archive</kind>
         <file>libc.a</file>
         <name>printf.c.obj</name>
      </input_file>
      <input_file id="fl-4a">
         <path>C:\ti\ccs2051\ccs\tools\compiler\ti-cgt-armllvm_4.0.4.LTS\lib\armv6m-ti-none-eabi\c\</path>
         <kind>archive</kind>
         <file>libc.a</file>
         <name>_printfi.c.obj</name>
      </input_file>
      <input_file id="fl-4b">
         <path>C:\ti\ccs2051\ccs\tools\compiler\ti-cgt-armllvm_4.0.4.LTS\lib\armv6m-ti-none-eabi\c\</path>
         <kind>archive</kind>
         <file>libc.a</file>
         <name>sprintf.c.obj</name>
      </input_file>
      <input_file id="fl-4c">
         <path>C:\ti\ccs2051\ccs\tools\compiler\ti-cgt-armllvm_4.0.4.LTS\lib\armv6m-ti-none-eabi\c\</path>
         <kind>archive</kind>
         <file>libc.a</file>
         <name>aeabi_portable.c.obj</name>
      </input_file>
      <input_file id="fl-4d">
         <path>C:\ti\ccs2051\ccs\tools\compiler\ti-cgt-armllvm_4.0.4.LTS\lib\armv6m-ti-none-eabi\c\</path>
         <kind>archive</kind>
         <file>libc.a</file>
         <name>_lock.c.obj</name>
      </input_file>
      <input_file id="fl-4e">
         <path>C:\ti\ccs2051\ccs\tools\compiler\ti-cgt-armllvm_4.0.4.LTS\lib\armv6m-ti-none-eabi\c\</path>
         <kind>archive</kind>
         <file>libc.a</file>
         <name>_ltoa.c.obj</name>
      </input_file>
      <input_file id="fl-4f">
         <path>C:\ti\ccs2051\ccs\tools\compiler\ti-cgt-armllvm_4.0.4.LTS\lib\armv6m-ti-none-eabi\c\</path>
         <kind>archive</kind>
         <file>libc.a</file>
         <name>assert.c.obj</name>
      </input_file>
      <input_file id="fl-50">
         <path>C:\ti\ccs2051\ccs\tools\compiler\ti-cgt-armllvm_4.0.4.LTS\lib\armv6m-ti-none-eabi\c\</path>
         <kind>archive</kind>
         <file>libc.a</file>
         <name>atof.c.obj</name>
      </input_file>
      <input_file id="fl-51">
         <path>C:\ti\ccs2051\ccs\tools\compiler\ti-cgt-armllvm_4.0.4.LTS\lib\armv6m-ti-none-eabi\c\</path>
         <kind>archive</kind>
         <file>libc.a</file>
         <name>atoi.c.obj</name>
      </input_file>
      <input_file id="fl-52">
         <path>C:\ti\ccs2051\ccs\tools\compiler\ti-cgt-armllvm_4.0.4.LTS\lib\armv6m-ti-none-eabi\c\</path>
         <kind>archive</kind>
         <file>libc.a</file>
         <name>defs.c.obj</name>
      </input_file>
      <input_file id="fl-53">
         <path>C:\ti\ccs2051\ccs\tools\compiler\ti-cgt-armllvm_4.0.4.LTS\lib\armv6m-ti-none-eabi\c\</path>
         <kind>archive</kind>
         <file>libc.a</file>
         <name>memccpy.c.obj</name>
      </input_file>
      <input_file id="fl-54">
         <path>C:\ti\ccs2051\ccs\tools\compiler\ti-cgt-armllvm_4.0.4.LTS\lib\armv6m-ti-none-eabi\c\</path>
         <kind>archive</kind>
         <file>libc.a</file>
         <name>memcmp.c.obj</name>
      </input_file>
      <input_file id="fl-55">
         <path>C:\ti\ccs2051\ccs\tools\compiler\ti-cgt-armllvm_4.0.4.LTS\lib\armv6m-ti-none-eabi\c\</path>
         <kind>archive</kind>
         <file>libc.a</file>
         <name>memory.c.obj</name>
      </input_file>
      <input_file id="fl-56">
         <path>C:\ti\ccs2051\ccs\tools\compiler\ti-cgt-armllvm_4.0.4.LTS\lib\armv6m-ti-none-eabi\c\</path>
         <kind>archive</kind>
         <file>libc.a</file>
         <name>strchr.c.obj</name>
      </input_file>
      <input_file id="fl-57">
         <path>C:\ti\ccs2051\ccs\tools\compiler\ti-cgt-armllvm_4.0.4.LTS\lib\armv6m-ti-none-eabi\c\</path>
         <kind>archive</kind>
         <file>libc.a</file>
         <name>strlen.c.obj</name>
      </input_file>
      <input_file id="fl-58">
         <path>C:\ti\ccs2051\ccs\tools\compiler\ti-cgt-armllvm_4.0.4.LTS\lib\armv6m-ti-none-eabi\c\</path>
         <kind>archive</kind>
         <file>libc.a</file>
         <name>strtod.c.obj</name>
      </input_file>
      <input_file id="fl-59">
         <path>C:\ti\ccs2051\ccs\tools\compiler\ti-cgt-armllvm_4.0.4.LTS\lib\armv6m-ti-none-eabi\c\</path>
         <kind>archive</kind>
         <file>libc.a</file>
         <name>boot_cortex_m.c.obj</name>
      </input_file>
      <input_file id="fl-5a">
         <path>C:\ti\ccs2051\ccs\tools\compiler\ti-cgt-armllvm_4.0.4.LTS\lib\armv6m-ti-none-eabi\c\</path>
         <kind>archive</kind>
         <file>libc.a</file>
         <name>mathacl_init.c.obj</name>
      </input_file>
      <input_file id="fl-5b">
         <path>C:\ti\ccs2051\ccs\tools\compiler\ti-cgt-armllvm_4.0.4.LTS\lib\armv6m-ti-none-eabi\c\</path>
         <kind>archive</kind>
         <file>libc.a</file>
         <name>autoinit.c.obj</name>
      </input_file>
      <input_file id="fl-5c">
         <path>C:\ti\ccs2051\ccs\tools\compiler\ti-cgt-armllvm_4.0.4.LTS\lib\armv6m-ti-none-eabi\c\</path>
         <kind>archive</kind>
         <file>libc.a</file>
         <name>pre_init.c.obj</name>
      </input_file>
      <input_file id="fl-5d">
         <path>C:\ti\ccs2051\ccs\tools\compiler\ti-cgt-armllvm_4.0.4.LTS\lib\armv6m-ti-none-eabi\c\</path>
         <kind>archive</kind>
         <file>libc.a</file>
         <name>cpy_tbl.c.obj</name>
      </input_file>
      <input_file id="fl-5e">
         <path>C:\ti\ccs2051\ccs\tools\compiler\ti-cgt-armllvm_4.0.4.LTS\lib\armv6m-ti-none-eabi\c\</path>
         <kind>archive</kind>
         <file>libc.a</file>
         <name>copy_zero_init.c.obj</name>
      </input_file>
      <input_file id="fl-5f">
         <path>C:\ti\ccs2051\ccs\tools\compiler\ti-cgt-armllvm_4.0.4.LTS\lib\armv6m-ti-none-eabi\c\</path>
         <kind>archive</kind>
         <file>libc.a</file>
         <name>copy_decompress_none.c.obj</name>
      </input_file>
      <input_file id="fl-60">
         <path>C:\ti\ccs2051\ccs\tools\compiler\ti-cgt-armllvm_4.0.4.LTS\lib\armv6m-ti-none-eabi\c\</path>
         <kind>archive</kind>
         <file>libc.a</file>
         <name>copy_decompress_lzss.c.obj</name>
      </input_file>
      <input_file id="fl-61">
         <path>C:\ti\ccs2051\ccs\tools\compiler\ti-cgt-armllvm_4.0.4.LTS\lib\armv6m-ti-none-eabi\c\</path>
         <kind>archive</kind>
         <file>libc.a</file>
         <name>s_frexp.c.obj</name>
      </input_file>
      <input_file id="fl-62">
         <path>C:\ti\ccs2051\ccs\tools\compiler\ti-cgt-armllvm_4.0.4.LTS\lib\armv6m-ti-none-eabi\c\</path>
         <kind>archive</kind>
         <file>libc.a</file>
         <name>s_scalbn.c.obj</name>
      </input_file>
      <input_file id="fl-63">
         <path>C:\ti\ccs2051\ccs\tools\compiler\ti-cgt-armllvm_4.0.4.LTS\lib\armv6m-ti-none-eabi\c\</path>
         <kind>archive</kind>
         <file>libc.a</file>
         <name>wcslen.c.obj</name>
      </input_file>
      <input_file id="fl-64">
         <path>C:\ti\ccs2051\ccs\tools\compiler\ti-cgt-armllvm_4.0.4.LTS\lib\armv6m-ti-none-eabi\c\</path>
         <kind>archive</kind>
         <file>libc.a</file>
         <name>fflush.c.obj</name>
      </input_file>
      <input_file id="fl-65">
         <path>C:\ti\ccs2051\ccs\tools\compiler\ti-cgt-armllvm_4.0.4.LTS\lib\armv6m-ti-none-eabi\c\</path>
         <kind>archive</kind>
         <file>libc.a</file>
         <name>aeabi_ctype.S.obj</name>
      </input_file>
      <input_file id="fl-66">
         <path>C:\ti\ccs2051\ccs\tools\compiler\ti-cgt-armllvm_4.0.4.LTS\lib\armv6m-ti-none-eabi\c\</path>
         <kind>archive</kind>
         <file>libc.a</file>
         <name>exit.c.obj</name>
      </input_file>
      <input_file id="fl-67">
         <path>C:\ti\ccs2051\ccs\tools\compiler\ti-cgt-armllvm_4.0.4.LTS\lib\armv6m-ti-none-eabi\c\</path>
         <kind>archive</kind>
         <file>libc.a</file>
         <name>args_main.c.obj</name>
      </input_file>
      <input_file id="fl-107">
         <path>C:\ti\ccs2051\ccs\tools\compiler\ti-cgt-armllvm_4.0.4.LTS\lib\armv6m-ti-none-eabi\c\</path>
         <kind>archive</kind>
         <file>libsysbm.a</file>
         <name>hostexit.c.obj</name>
      </input_file>
      <input_file id="fl-108">
         <path>C:\ti\ccs2051\ccs\tools\compiler\ti-cgt-armllvm_4.0.4.LTS\lib\armv6m-ti-none-eabi\c\</path>
         <kind>archive</kind>
         <file>libsysbm.a</file>
         <name>write.c.obj</name>
      </input_file>
      <input_file id="fl-109">
         <path>C:\ti\ccs2051\ccs\tools\compiler\ti-cgt-armllvm_4.0.4.LTS\lib\armv6m-ti-none-eabi\c\</path>
         <kind>archive</kind>
         <file>libsysbm.a</file>
         <name>host_device.c.obj</name>
      </input_file>
      <input_file id="fl-10a">
         <path>C:\ti\ccs2051\ccs\tools\compiler\ti-cgt-armllvm_4.0.4.LTS\lib\armv6m-ti-none-eabi\c\</path>
         <kind>archive</kind>
         <file>libsysbm.a</file>
         <name>hostclose.c.obj</name>
      </input_file>
      <input_file id="fl-10b">
         <path>C:\ti\ccs2051\ccs\tools\compiler\ti-cgt-armllvm_4.0.4.LTS\lib\armv6m-ti-none-eabi\c\</path>
         <kind>archive</kind>
         <file>libsysbm.a</file>
         <name>hostlseek.c.obj</name>
      </input_file>
      <input_file id="fl-10c">
         <path>C:\ti\ccs2051\ccs\tools\compiler\ti-cgt-armllvm_4.0.4.LTS\lib\armv6m-ti-none-eabi\c\</path>
         <kind>archive</kind>
         <file>libsysbm.a</file>
         <name>hostopen.c.obj</name>
      </input_file>
      <input_file id="fl-10d">
         <path>C:\ti\ccs2051\ccs\tools\compiler\ti-cgt-armllvm_4.0.4.LTS\lib\armv6m-ti-none-eabi\c\</path>
         <kind>archive</kind>
         <file>libsysbm.a</file>
         <name>hostread.c.obj</name>
      </input_file>
      <input_file id="fl-10e">
         <path>C:\ti\ccs2051\ccs\tools\compiler\ti-cgt-armllvm_4.0.4.LTS\lib\armv6m-ti-none-eabi\c\</path>
         <kind>archive</kind>
         <file>libsysbm.a</file>
         <name>hostrename.c.obj</name>
      </input_file>
      <input_file id="fl-10f">
         <path>C:\ti\ccs2051\ccs\tools\compiler\ti-cgt-armllvm_4.0.4.LTS\lib\armv6m-ti-none-eabi\c\</path>
         <kind>archive</kind>
         <file>libsysbm.a</file>
         <name>hostunlink.c.obj</name>
      </input_file>
      <input_file id="fl-110">
         <path>C:\ti\ccs2051\ccs\tools\compiler\ti-cgt-armllvm_4.0.4.LTS\lib\armv6m-ti-none-eabi\c\</path>
         <kind>archive</kind>
         <file>libsysbm.a</file>
         <name>hostwrite.c.obj</name>
      </input_file>
      <input_file id="fl-111">
         <path>C:\ti\ccs2051\ccs\tools\compiler\ti-cgt-armllvm_4.0.4.LTS\lib\armv6m-ti-none-eabi\c\</path>
         <kind>archive</kind>
         <file>libsysbm.a</file>
         <name>trgmsg.c.obj</name>
      </input_file>
      <input_file id="fl-112">
         <path>C:\ti\ccs2051\ccs\tools\compiler\ti-cgt-armllvm_4.0.4.LTS\lib\armv6m-ti-none-eabi\</path>
         <kind>archive</kind>
         <file>libclang_rt.builtins.a</file>
         <name>addsf3.S.obj</name>
      </input_file>
      <input_file id="fl-113">
         <path>C:\ti\ccs2051\ccs\tools\compiler\ti-cgt-armllvm_4.0.4.LTS\lib\armv6m-ti-none-eabi\</path>
         <kind>archive</kind>
         <file>libclang_rt.builtins.a</file>
         <name>adddf3.S.obj</name>
      </input_file>
      <input_file id="fl-114">
         <path>C:\ti\ccs2051\ccs\tools\compiler\ti-cgt-armllvm_4.0.4.LTS\lib\armv6m-ti-none-eabi\</path>
         <kind>archive</kind>
         <file>libclang_rt.builtins.a</file>
         <name>muldf3.S.obj</name>
      </input_file>
      <input_file id="fl-115">
         <path>C:\ti\ccs2051\ccs\tools\compiler\ti-cgt-armllvm_4.0.4.LTS\lib\armv6m-ti-none-eabi\</path>
         <kind>archive</kind>
         <file>libclang_rt.builtins.a</file>
         <name>muldsi3.S.obj</name>
      </input_file>
      <input_file id="fl-116">
         <path>C:\ti\ccs2051\ccs\tools\compiler\ti-cgt-armllvm_4.0.4.LTS\lib\armv6m-ti-none-eabi\</path>
         <kind>archive</kind>
         <file>libclang_rt.builtins.a</file>
         <name>mulsf3.S.obj</name>
      </input_file>
      <input_file id="fl-117">
         <path>C:\ti\ccs2051\ccs\tools\compiler\ti-cgt-armllvm_4.0.4.LTS\lib\armv6m-ti-none-eabi\</path>
         <kind>archive</kind>
         <file>libclang_rt.builtins.a</file>
         <name>divsf3.S.obj</name>
      </input_file>
      <input_file id="fl-118">
         <path>C:\ti\ccs2051\ccs\tools\compiler\ti-cgt-armllvm_4.0.4.LTS\lib\armv6m-ti-none-eabi\</path>
         <kind>archive</kind>
         <file>libclang_rt.builtins.a</file>
         <name>divdf3.S.obj</name>
      </input_file>
      <input_file id="fl-119">
         <path>C:\ti\ccs2051\ccs\tools\compiler\ti-cgt-armllvm_4.0.4.LTS\lib\armv6m-ti-none-eabi\</path>
         <kind>archive</kind>
         <file>libclang_rt.builtins.a</file>
         <name>extendsfdf2.S.obj</name>
      </input_file>
      <input_file id="fl-11a">
         <path>C:\ti\ccs2051\ccs\tools\compiler\ti-cgt-armllvm_4.0.4.LTS\lib\armv6m-ti-none-eabi\</path>
         <kind>archive</kind>
         <file>libclang_rt.builtins.a</file>
         <name>fixdfsi.S.obj</name>
      </input_file>
      <input_file id="fl-11b">
         <path>C:\ti\ccs2051\ccs\tools\compiler\ti-cgt-armllvm_4.0.4.LTS\lib\armv6m-ti-none-eabi\</path>
         <kind>archive</kind>
         <file>libclang_rt.builtins.a</file>
         <name>fixsfsi.S.obj</name>
      </input_file>
      <input_file id="fl-11c">
         <path>C:\ti\ccs2051\ccs\tools\compiler\ti-cgt-armllvm_4.0.4.LTS\lib\armv6m-ti-none-eabi\</path>
         <kind>archive</kind>
         <file>libclang_rt.builtins.a</file>
         <name>fixunssfsi.S.obj</name>
      </input_file>
      <input_file id="fl-11d">
         <path>C:\ti\ccs2051\ccs\tools\compiler\ti-cgt-armllvm_4.0.4.LTS\lib\armv6m-ti-none-eabi\</path>
         <kind>archive</kind>
         <file>libclang_rt.builtins.a</file>
         <name>floatsidf.S.obj</name>
      </input_file>
      <input_file id="fl-11e">
         <path>C:\ti\ccs2051\ccs\tools\compiler\ti-cgt-armllvm_4.0.4.LTS\lib\armv6m-ti-none-eabi\</path>
         <kind>archive</kind>
         <file>libclang_rt.builtins.a</file>
         <name>floatsisf.S.obj</name>
      </input_file>
      <input_file id="fl-11f">
         <path>C:\ti\ccs2051\ccs\tools\compiler\ti-cgt-armllvm_4.0.4.LTS\lib\armv6m-ti-none-eabi\</path>
         <kind>archive</kind>
         <file>libclang_rt.builtins.a</file>
         <name>floatunsidf.S.obj</name>
      </input_file>
      <input_file id="fl-120">
         <path>C:\ti\ccs2051\ccs\tools\compiler\ti-cgt-armllvm_4.0.4.LTS\lib\armv6m-ti-none-eabi\</path>
         <kind>archive</kind>
         <file>libclang_rt.builtins.a</file>
         <name>floatunsisf.S.obj</name>
      </input_file>
      <input_file id="fl-121">
         <path>C:\ti\ccs2051\ccs\tools\compiler\ti-cgt-armllvm_4.0.4.LTS\lib\armv6m-ti-none-eabi\</path>
         <kind>archive</kind>
         <file>libclang_rt.builtins.a</file>
         <name>muldi3.S.obj</name>
      </input_file>
      <input_file id="fl-122">
         <path>C:\ti\ccs2051\ccs\tools\compiler\ti-cgt-armllvm_4.0.4.LTS\lib\armv6m-ti-none-eabi\</path>
         <kind>archive</kind>
         <file>libclang_rt.builtins.a</file>
         <name>truncdfsf2.S.obj</name>
      </input_file>
      <input_file id="fl-123">
         <path>C:\ti\ccs2051\ccs\tools\compiler\ti-cgt-armllvm_4.0.4.LTS\lib\armv6m-ti-none-eabi\</path>
         <kind>archive</kind>
         <file>libclang_rt.builtins.a</file>
         <name>aeabi_dcmp.S.obj</name>
      </input_file>
      <input_file id="fl-124">
         <path>C:\ti\ccs2051\ccs\tools\compiler\ti-cgt-armllvm_4.0.4.LTS\lib\armv6m-ti-none-eabi\</path>
         <kind>archive</kind>
         <file>libclang_rt.builtins.a</file>
         <name>aeabi_fcmp.S.obj</name>
      </input_file>
      <input_file id="fl-125">
         <path>C:\ti\ccs2051\ccs\tools\compiler\ti-cgt-armllvm_4.0.4.LTS\lib\armv6m-ti-none-eabi\</path>
         <kind>archive</kind>
         <file>libclang_rt.builtins.a</file>
         <name>aeabi_idivmod.S.obj</name>
      </input_file>
      <input_file id="fl-126">
         <path>C:\ti\ccs2051\ccs\tools\compiler\ti-cgt-armllvm_4.0.4.LTS\lib\armv6m-ti-none-eabi\</path>
         <kind>archive</kind>
         <file>libclang_rt.builtins.a</file>
         <name>aeabi_ldivmod.S.obj</name>
      </input_file>
      <input_file id="fl-127">
         <path>C:\ti\ccs2051\ccs\tools\compiler\ti-cgt-armllvm_4.0.4.LTS\lib\armv6m-ti-none-eabi\</path>
         <kind>archive</kind>
         <file>libclang_rt.builtins.a</file>
         <name>aeabi_memcpy.S.obj</name>
      </input_file>
      <input_file id="fl-128">
         <path>C:\ti\ccs2051\ccs\tools\compiler\ti-cgt-armllvm_4.0.4.LTS\lib\armv6m-ti-none-eabi\</path>
         <kind>archive</kind>
         <file>libclang_rt.builtins.a</file>
         <name>aeabi_memset.S.obj</name>
      </input_file>
      <input_file id="fl-129">
         <path>C:\ti\ccs2051\ccs\tools\compiler\ti-cgt-armllvm_4.0.4.LTS\lib\armv6m-ti-none-eabi\</path>
         <kind>archive</kind>
         <file>libclang_rt.builtins.a</file>
         <name>aeabi_uidivmod.S.obj</name>
      </input_file>
      <input_file id="fl-12a">
         <path>C:\ti\ccs2051\ccs\tools\compiler\ti-cgt-armllvm_4.0.4.LTS\lib\armv6m-ti-none-eabi\</path>
         <kind>archive</kind>
         <file>libclang_rt.builtins.a</file>
         <name>aeabi_uldivmod.S.obj</name>
      </input_file>
      <input_file id="fl-12b">
         <path>C:\ti\ccs2051\ccs\tools\compiler\ti-cgt-armllvm_4.0.4.LTS\lib\armv6m-ti-none-eabi\</path>
         <kind>archive</kind>
         <file>libclang_rt.builtins.a</file>
         <name>comparesf2.S.obj</name>
      </input_file>
      <input_file id="fl-12c">
         <path>C:\ti\ccs2051\ccs\tools\compiler\ti-cgt-armllvm_4.0.4.LTS\lib\armv6m-ti-none-eabi\</path>
         <kind>archive</kind>
         <file>libclang_rt.builtins.a</file>
         <name>udivmoddi4.S.obj</name>
      </input_file>
      <input_file id="fl-12d">
         <path>C:\ti\ccs2051\ccs\tools\compiler\ti-cgt-armllvm_4.0.4.LTS\lib\armv6m-ti-none-eabi\</path>
         <kind>archive</kind>
         <file>libclang_rt.builtins.a</file>
         <name>ashldi3.S.obj</name>
      </input_file>
      <input_file id="fl-12e">
         <path>C:\ti\ccs2051\ccs\tools\compiler\ti-cgt-armllvm_4.0.4.LTS\lib\armv6m-ti-none-eabi\</path>
         <kind>archive</kind>
         <file>libclang_rt.builtins.a</file>
         <name>comparedf2.c.obj</name>
      </input_file>
      <input_file id="fl-12f">
         <path>C:\ti\ccs2051\ccs\tools\compiler\ti-cgt-armllvm_4.0.4.LTS\lib\armv6m-ti-none-eabi\</path>
         <kind>archive</kind>
         <file>libclang_rt.builtins.a</file>
         <name>divmoddi4.c.obj</name>
      </input_file>
      <input_file id="fl-130">
         <path>C:\ti\ccs2051\ccs\tools\compiler\ti-cgt-armllvm_4.0.4.LTS\lib\armv6m-ti-none-eabi\</path>
         <kind>archive</kind>
         <file>libclang_rt.builtins.a</file>
         <name>aeabi_div0.c.obj</name>
      </input_file>
      <input_file id="fl-131">
         <path>C:\ti\ccs2051\ccs\tools\compiler\ti-cgt-armllvm_4.0.4.LTS\lib\armv6m-ti-none-eabi\c\</path>
         <kind>archive</kind>
         <file>libc.a</file>
         <name>memcpy16.S.obj</name>
      </input_file>
      <input_file id="fl-132">
         <path>C:\ti\ccs2051\ccs\tools\compiler\ti-cgt-armllvm_4.0.4.LTS\lib\armv6m-ti-none-eabi\c\</path>
         <kind>archive</kind>
         <file>libc.a</file>
         <name>memset16.S.obj</name>
      </input_file>
   </input_file_list>
   <object_component_list>
      <object_component id="oc-18">
         <name>.intvecs</name>
         <load_address>0x0</load_address>
         <readonly>true</readonly>
         <run_address>0x0</run_address>
         <size>0xc0</size>
         <alignment>0x4</alignment>
         <input_file_ref idref="fl-3"/>
      </object_component>
      <object_component id="oc-316">
         <name>.text:__TI_printfi</name>
         <load_address>0xc0</load_address>
         <readonly>true</readonly>
         <executable>true</executable>
         <run_address>0xc0</run_address>
         <size>0x9d0</size>
         <alignment>0x4</alignment>
         <input_file_ref idref="fl-4a"/>
      </object_component>
      <object_component id="oc-176">
         <name>.text.ParsePIDData</name>
         <load_address>0xa90</load_address>
         <readonly>true</readonly>
         <executable>true</executable>
         <run_address>0xa90</run_address>
         <size>0x564</size>
         <alignment>0x4</alignment>
         <input_file_ref idref="fl-e"/>
      </object_component>
      <object_component id="oc-7b">
         <name>.text.Read_MPU6050</name>
         <load_address>0xff4</load_address>
         <readonly>true</readonly>
         <executable>true</executable>
         <run_address>0xff4</run_address>
         <size>0x474</size>
         <alignment>0x4</alignment>
         <input_file_ref idref="fl-7"/>
      </object_component>
      <object_component id="oc-152">
         <name>.text.mpu6050_init</name>
         <load_address>0x1468</load_address>
         <readonly>true</readonly>
         <executable>true</executable>
         <run_address>0x1468</run_address>
         <size>0x474</size>
         <alignment>0x4</alignment>
         <input_file_ref idref="fl-7"/>
      </object_component>
      <object_component id="oc-32b">
         <name>.text.strtod</name>
         <load_address>0x18dc</load_address>
         <readonly>true</readonly>
         <executable>true</executable>
         <run_address>0x18dc</run_address>
         <size>0x3b8</size>
         <alignment>0x4</alignment>
         <input_file_ref idref="fl-58"/>
      </object_component>
      <object_component id="oc-1e1">
         <name>.text.SYSCFG_DL_GPIO_init</name>
         <load_address>0x1c94</load_address>
         <readonly>true</readonly>
         <executable>true</executable>
         <run_address>0x1c94</run_address>
         <size>0x25c</size>
         <alignment>0x4</alignment>
         <input_file_ref idref="fl-2"/>
      </object_component>
      <object_component id="oc-302">
         <name>.text.mpu_reset_fifo</name>
         <load_address>0x1ef0</load_address>
         <readonly>true</readonly>
         <executable>true</executable>
         <run_address>0x1ef0</run_address>
         <size>0x22c</size>
         <alignment>0x4</alignment>
         <input_file_ref idref="fl-4"/>
      </object_component>
      <object_component id="oc-a5">
         <name>.text.BALL_Update</name>
         <load_address>0x211c</load_address>
         <readonly>true</readonly>
         <executable>true</executable>
         <run_address>0x211c</run_address>
         <size>0x220</size>
         <alignment>0x4</alignment>
         <input_file_ref idref="fl-f"/>
      </object_component>
      <object_component id="oc-37d">
         <name>.text._pconv_a</name>
         <load_address>0x233c</load_address>
         <readonly>true</readonly>
         <executable>true</executable>
         <run_address>0x233c</run_address>
         <size>0x220</size>
         <alignment>0x4</alignment>
         <input_file_ref idref="fl-4a"/>
      </object_component>
      <object_component id="oc-3a">
         <name>.text.UART3_IRQHandler</name>
         <load_address>0x255c</load_address>
         <readonly>true</readonly>
         <executable>true</executable>
         <run_address>0x255c</run_address>
         <size>0x200</size>
         <alignment>0x4</alignment>
         <input_file_ref idref="fl-11"/>
      </object_component>
      <object_component id="oc-1f9">
         <name>.text.mpu_init</name>
         <load_address>0x275c</load_address>
         <readonly>true</readonly>
         <executable>true</executable>
         <run_address>0x275c</run_address>
         <size>0x200</size>
         <alignment>0x4</alignment>
         <input_file_ref idref="fl-4"/>
      </object_component>
      <object_component id="oc-168">
         <name>.text.read_button</name>
         <load_address>0x295c</load_address>
         <readonly>true</readonly>
         <executable>true</executable>
         <run_address>0x295c</run_address>
         <size>0x200</size>
         <alignment>0x4</alignment>
         <input_file_ref idref="fl-10"/>
      </object_component>
      <object_component id="oc-173">
         <name>.text.task_5</name>
         <load_address>0x2b5c</load_address>
         <readonly>true</readonly>
         <executable>true</executable>
         <run_address>0x2b5c</run_address>
         <size>0x1ec</size>
         <alignment>0x4</alignment>
         <input_file_ref idref="fl-19"/>
      </object_component>
      <object_component id="oc-174">
         <name>.text.task_6</name>
         <load_address>0x2d48</load_address>
         <readonly>true</readonly>
         <executable>true</executable>
         <run_address>0x2d48</run_address>
         <size>0x1ec</size>
         <alignment>0x4</alignment>
         <input_file_ref idref="fl-19"/>
      </object_component>
      <object_component id="oc-37e">
         <name>.text._pconv_g</name>
         <load_address>0x2f34</load_address>
         <readonly>true</readonly>
         <executable>true</executable>
         <run_address>0x2f34</run_address>
         <size>0x1dc</size>
         <alignment>0x4</alignment>
         <input_file_ref idref="fl-4a"/>
      </object_component>
      <object_component id="oc-1b7">
         <name>.text.atanf</name>
         <load_address>0x3110</load_address>
         <readonly>true</readonly>
         <executable>true</executable>
         <run_address>0x3110</run_address>
         <size>0x1c8</size>
         <alignment>0x4</alignment>
         <input_file_ref idref="fl-48"/>
      </object_component>
      <object_component id="oc-172">
         <name>.text.task_4</name>
         <load_address>0x32d8</load_address>
         <readonly>true</readonly>
         <executable>true</executable>
         <run_address>0x32d8</run_address>
         <size>0x1bc</size>
         <alignment>0x4</alignment>
         <input_file_ref idref="fl-19"/>
      </object_component>
      <object_component id="oc-124">
         <name>.text.turn_controll</name>
         <load_address>0x3494</load_address>
         <readonly>true</readonly>
         <executable>true</executable>
         <run_address>0x3494</run_address>
         <size>0x1bc</size>
         <alignment>0x4</alignment>
         <input_file_ref idref="fl-12"/>
      </object_component>
      <object_component id="oc-f0">
         <name>.text.KalmanFilter_Update</name>
         <load_address>0x3650</load_address>
         <readonly>true</readonly>
         <executable>true</executable>
         <run_address>0x3650</run_address>
         <size>0x1a4</size>
         <alignment>0x2</alignment>
         <input_file_ref idref="fl-6"/>
      </object_component>
      <object_component id="oc-7a">
         <name>.text.encoder_read</name>
         <load_address>0x37f4</load_address>
         <readonly>true</readonly>
         <executable>true</executable>
         <run_address>0x37f4</run_address>
         <size>0x1a0</size>
         <alignment>0x4</alignment>
         <input_file_ref idref="fl-13"/>
      </object_component>
      <object_component id="oc-2ff">
         <name>.text.mpu_set_bypass</name>
         <load_address>0x3994</load_address>
         <readonly>true</readonly>
         <executable>true</executable>
         <run_address>0x3994</run_address>
         <size>0x1a0</size>
         <alignment>0x4</alignment>
         <input_file_ref idref="fl-4"/>
      </object_component>
      <object_component id="oc-127">
         <name>.text.line_tracking</name>
         <load_address>0x3b34</load_address>
         <readonly>true</readonly>
         <executable>true</executable>
         <run_address>0x3b34</run_address>
         <size>0x198</size>
         <alignment>0x4</alignment>
         <input_file_ref idref="fl-12"/>
      </object_component>
      <object_component id="oc-393">
         <name>.text.adddf3_subdf3</name>
         <load_address>0x3ccc</load_address>
         <readonly>true</readonly>
         <executable>true</executable>
         <run_address>0x3ccc</run_address>
         <size>0x192</size>
         <alignment>0x4</alignment>
         <input_file_ref idref="fl-113"/>
      </object_component>
      <object_component id="oc-20a">
         <name>.text.STEPPER_UART_Init</name>
         <load_address>0x3e5e</load_address>
         <readonly>true</readonly>
         <executable>true</executable>
         <run_address>0x3e5e</run_address>
         <size>0x2</size>
         <alignment>0x2</alignment>
         <input_file_ref idref="fl-17"/>
      </object_component>
      <object_component id="oc-ac">
         <name>.text.Controll</name>
         <load_address>0x3e60</load_address>
         <readonly>true</readonly>
         <executable>true</executable>
         <run_address>0x3e60</run_address>
         <size>0x188</size>
         <alignment>0x4</alignment>
         <input_file_ref idref="fl-12"/>
      </object_component>
      <object_component id="oc-bc">
         <name>.text.main</name>
         <load_address>0x3fe8</load_address>
         <readonly>true</readonly>
         <executable>true</executable>
         <run_address>0x3fe8</run_address>
         <size>0x168</size>
         <alignment>0x4</alignment>
         <input_file_ref idref="fl-1"/>
      </object_component>
      <object_component id="oc-126">
         <name>.text.heading_hold</name>
         <load_address>0x4150</load_address>
         <readonly>true</readonly>
         <executable>true</executable>
         <run_address>0x4150</run_address>
         <size>0x148</size>
         <alignment>0x4</alignment>
         <input_file_ref idref="fl-12"/>
      </object_component>
      <object_component id="oc-12c">
         <name>.text.set_speed</name>
         <load_address>0x4298</load_address>
         <readonly>true</readonly>
         <executable>true</executable>
         <run_address>0x4298</run_address>
         <size>0x144</size>
         <alignment>0x4</alignment>
         <input_file_ref idref="fl-16"/>
      </object_component>
      <object_component id="oc-3d1">
         <name>.text.fcvt</name>
         <load_address>0x43dc</load_address>
         <readonly>true</readonly>
         <executable>true</executable>
         <run_address>0x43dc</run_address>
         <size>0x13c</size>
         <alignment>0x4</alignment>
         <input_file_ref idref="fl-4a"/>
      </object_component>
      <object_component id="oc-1ce">
         <name>.text.speed_controll_Wheel</name>
         <load_address>0x4518</load_address>
         <readonly>true</readonly>
         <executable>true</executable>
         <run_address>0x4518</run_address>
         <size>0x138</size>
         <alignment>0x4</alignment>
         <input_file_ref idref="fl-12"/>
      </object_component>
      <object_component id="oc-1fe">
         <name>.text.mpu_set_sensors</name>
         <load_address>0x4650</load_address>
         <readonly>true</readonly>
         <executable>true</executable>
         <run_address>0x4650</run_address>
         <size>0x130</size>
         <alignment>0x4</alignment>
         <input_file_ref idref="fl-4"/>
      </object_component>
      <object_component id="oc-125">
         <name>.text.position_controll</name>
         <load_address>0x4780</load_address>
         <readonly>true</readonly>
         <executable>true</executable>
         <run_address>0x4780</run_address>
         <size>0x12c</size>
         <alignment>0x4</alignment>
         <input_file_ref idref="fl-12"/>
      </object_component>
      <object_component id="oc-380">
         <name>.text._pconv_e</name>
         <load_address>0x48ac</load_address>
         <readonly>true</readonly>
         <executable>true</executable>
         <run_address>0x48ac</run_address>
         <size>0x120</size>
         <alignment>0x4</alignment>
         <input_file_ref idref="fl-4a"/>
      </object_component>
      <object_component id="oc-211">
         <name>.text.OLED_ShowChar</name>
         <load_address>0x49cc</load_address>
         <readonly>true</readonly>
         <executable>true</executable>
         <run_address>0x49cc</run_address>
         <size>0x118</size>
         <alignment>0x4</alignment>
         <input_file_ref idref="fl-c"/>
      </object_component>
      <object_component id="oc-ec">
         <name>.text.atan2f</name>
         <load_address>0x4ae4</load_address>
         <readonly>true</readonly>
         <executable>true</executable>
         <run_address>0x4ae4</run_address>
         <size>0x118</size>
         <alignment>0x4</alignment>
         <input_file_ref idref="fl-46"/>
      </object_component>
      <object_component id="oc-14d">
         <name>.text.OLED_Init</name>
         <load_address>0x4bfc</load_address>
         <readonly>true</readonly>
         <executable>true</executable>
         <run_address>0x4bfc</run_address>
         <size>0x110</size>
         <alignment>0x4</alignment>
         <input_file_ref idref="fl-c"/>
      </object_component>
      <object_component id="oc-303">
         <name>.text.mpu_lp_accel_mode</name>
         <load_address>0x4d0c</load_address>
         <readonly>true</readonly>
         <executable>true</executable>
         <run_address>0x4d0c</run_address>
         <size>0x110</size>
         <alignment>0x4</alignment>
         <input_file_ref idref="fl-4"/>
      </object_component>
      <object_component id="oc-39b">
         <name>.text.__divdf3</name>
         <load_address>0x4e1c</load_address>
         <readonly>true</readonly>
         <executable>true</executable>
         <run_address>0x4e1c</run_address>
         <size>0x10c</size>
         <alignment>0x4</alignment>
         <input_file_ref idref="fl-118"/>
      </object_component>
      <object_component id="oc-2c5">
         <name>.text.DL_Timer_initFourCCPWMMode</name>
         <load_address>0x4f28</load_address>
         <readonly>true</readonly>
         <executable>true</executable>
         <run_address>0x4f28</run_address>
         <size>0x104</size>
         <alignment>0x4</alignment>
         <input_file_ref idref="fl-2d"/>
      </object_component>
      <object_component id="oc-2cd">
         <name>.text.DL_Timer_initTimerMode</name>
         <load_address>0x502c</load_address>
         <readonly>true</readonly>
         <executable>true</executable>
         <run_address>0x502c</run_address>
         <size>0xfc</size>
         <alignment>0x4</alignment>
         <input_file_ref idref="fl-2d"/>
      </object_component>
      <object_component id="oc-3f">
         <name>.text.UART2_IRQHandler</name>
         <load_address>0x5128</load_address>
         <readonly>true</readonly>
         <executable>true</executable>
         <run_address>0x5128</run_address>
         <size>0xf8</size>
         <alignment>0x4</alignment>
         <input_file_ref idref="fl-e"/>
      </object_component>
      <object_component id="oc-200">
         <name>.text.mpu_set_sample_rate</name>
         <load_address>0x5220</load_address>
         <readonly>true</readonly>
         <executable>true</executable>
         <run_address>0x5220</run_address>
         <size>0xec</size>
         <alignment>0x4</alignment>
         <input_file_ref idref="fl-4"/>
      </object_component>
      <object_component id="oc-2bd">
         <name>.text.SYSCFG_DL_SYSCTL_SYSPLL_init</name>
         <load_address>0x530c</load_address>
         <readonly>true</readonly>
         <executable>true</executable>
         <run_address>0x530c</run_address>
         <size>0xe8</size>
         <alignment>0x4</alignment>
         <input_file_ref idref="fl-2"/>
      </object_component>
      <object_component id="oc-25a">
         <name>.text.turn_angle</name>
         <load_address>0x53f4</load_address>
         <readonly>true</readonly>
         <executable>true</executable>
         <run_address>0x53f4</run_address>
         <size>0xe8</size>
         <alignment>0x4</alignment>
         <input_file_ref idref="fl-12"/>
      </object_component>
      <object_component id="oc-38f">
         <name>.text.__muldf3</name>
         <load_address>0x54dc</load_address>
         <readonly>true</readonly>
         <executable>true</executable>
         <run_address>0x54dc</run_address>
         <size>0xe4</size>
         <alignment>0x4</alignment>
         <input_file_ref idref="fl-114"/>
      </object_component>
      <object_component id="oc-2fd">
         <name>.text.mpu_set_accel_fsr</name>
         <load_address>0x55c0</load_address>
         <readonly>true</readonly>
         <executable>true</executable>
         <run_address>0x55c0</run_address>
         <size>0xe4</size>
         <alignment>0x4</alignment>
         <input_file_ref idref="fl-4"/>
      </object_component>
      <object_component id="oc-2bc">
         <name>.text.DL_SYSCTL_configSYSPLL</name>
         <load_address>0x56a4</load_address>
         <readonly>true</readonly>
         <executable>true</executable>
         <run_address>0x56a4</run_address>
         <size>0xdc</size>
         <alignment>0x4</alignment>
         <input_file_ref idref="fl-2f"/>
      </object_component>
      <object_component id="oc-397">
         <name>.text.scalbn</name>
         <load_address>0x5780</load_address>
         <readonly>true</readonly>
         <executable>true</executable>
         <run_address>0x5780</run_address>
         <size>0xd8</size>
         <alignment>0x4</alignment>
         <input_file_ref idref="fl-62"/>
      </object_component>
      <object_component id="oc-cf">
         <name>.text</name>
         <load_address>0x5858</load_address>
         <readonly>true</readonly>
         <executable>true</executable>
         <run_address>0x5858</run_address>
         <size>0xd8</size>
         <alignment>0x4</alignment>
         <input_file_ref idref="fl-112"/>
      </object_component>
      <object_component id="oc-1e0">
         <name>.text.SYSCFG_DL_initPower</name>
         <load_address>0x5930</load_address>
         <readonly>true</readonly>
         <executable>true</executable>
         <run_address>0x5930</run_address>
         <size>0xd4</size>
         <alignment>0x4</alignment>
         <input_file_ref idref="fl-2"/>
      </object_component>
      <object_component id="oc-301">
         <name>.text.set_int_enable</name>
         <load_address>0x5a04</load_address>
         <readonly>true</readonly>
         <executable>true</executable>
         <run_address>0x5a04</run_address>
         <size>0xd4</size>
         <alignment>0x4</alignment>
         <input_file_ref idref="fl-4"/>
      </object_component>
      <object_component id="oc-2fe">
         <name>.text.mpu_set_lpf</name>
         <load_address>0x5ad8</load_address>
         <readonly>true</readonly>
         <executable>true</executable>
         <run_address>0x5ad8</run_address>
         <size>0xd0</size>
         <alignment>0x4</alignment>
         <input_file_ref idref="fl-4"/>
      </object_component>
      <object_component id="oc-2fc">
         <name>.text.mpu_set_gyro_fsr</name>
         <load_address>0x5ba8</load_address>
         <readonly>true</readonly>
         <executable>true</executable>
         <run_address>0x5ba8</run_address>
         <size>0xc4</size>
         <alignment>0x4</alignment>
         <input_file_ref idref="fl-4"/>
      </object_component>
      <object_component id="oc-177">
         <name>.text.BALL_VOFA_Output</name>
         <load_address>0x5c6c</load_address>
         <readonly>true</readonly>
         <executable>true</executable>
         <run_address>0x5c6c</run_address>
         <size>0xbc</size>
         <alignment>0x4</alignment>
         <input_file_ref idref="fl-f"/>
      </object_component>
      <object_component id="oc-1ff">
         <name>.text.mpu_configure_fifo</name>
         <load_address>0x5d28</load_address>
         <readonly>true</readonly>
         <executable>true</executable>
         <run_address>0x5d28</run_address>
         <size>0xbc</size>
         <alignment>0x4</alignment>
         <input_file_ref idref="fl-4"/>
      </object_component>
      <object_component id="oc-e3">
         <name>.text.mpu_get_temperature</name>
         <load_address>0x5de4</load_address>
         <readonly>true</readonly>
         <executable>true</executable>
         <run_address>0x5de4</run_address>
         <size>0xbc</size>
         <alignment>0x4</alignment>
         <input_file_ref idref="fl-4"/>
      </object_component>
      <object_component id="oc-226">
         <name>.text.Grayscale_Sensor_Read_All</name>
         <load_address>0x5ea0</load_address>
         <readonly>true</readonly>
         <executable>true</executable>
         <run_address>0x5ea0</run_address>
         <size>0xb8</size>
         <alignment>0x4</alignment>
         <input_file_ref idref="fl-15"/>
      </object_component>
      <object_component id="oc-19c">
         <name>.text.mspm0_i2c_read</name>
         <load_address>0x5f58</load_address>
         <readonly>true</readonly>
         <executable>true</executable>
         <run_address>0x5f58</run_address>
         <size>0xb8</size>
         <alignment>0x4</alignment>
         <input_file_ref idref="fl-9"/>
      </object_component>
      <object_component id="oc-2fb">
         <name>.text.mspm0_i2c_write</name>
         <load_address>0x6010</load_address>
         <readonly>true</readonly>
         <executable>true</executable>
         <run_address>0x6010</run_address>
         <size>0xa8</size>
         <alignment>0x4</alignment>
         <input_file_ref idref="fl-9"/>
      </object_component>
      <object_component id="oc-3b7">
         <name>.text</name>
         <load_address>0x60b8</load_address>
         <readonly>true</readonly>
         <executable>true</executable>
         <run_address>0x60b8</run_address>
         <size>0xa2</size>
         <alignment>0x4</alignment>
         <input_file_ref idref="fl-12c"/>
      </object_component>
      <object_component id="oc-317">
         <name>.text.__aeabi_idiv0</name>
         <load_address>0x615a</load_address>
         <readonly>true</readonly>
         <executable>true</executable>
         <run_address>0x615a</run_address>
         <size>0x2</size>
         <alignment>0x2</alignment>
         <input_file_ref idref="fl-130"/>
      </object_component>
      <object_component id="oc-e8">
         <name>.text.sqrtf</name>
         <load_address>0x615c</load_address>
         <readonly>true</readonly>
         <executable>true</executable>
         <run_address>0x615c</run_address>
         <size>0xa0</size>
         <alignment>0x4</alignment>
         <input_file_ref idref="fl-47"/>
      </object_component>
      <object_component id="oc-300">
         <name>.text.mpu_set_int_latched</name>
         <load_address>0x61fc</load_address>
         <readonly>true</readonly>
         <executable>true</executable>
         <run_address>0x61fc</run_address>
         <size>0x9c</size>
         <alignment>0x4</alignment>
         <input_file_ref idref="fl-4"/>
      </object_component>
      <object_component id="oc-1f6">
         <name>.text.OLED_WR_Byte</name>
         <load_address>0x6298</load_address>
         <readonly>true</readonly>
         <executable>true</executable>
         <run_address>0x6298</run_address>
         <size>0x98</size>
         <alignment>0x4</alignment>
         <input_file_ref idref="fl-c"/>
      </object_component>
      <object_component id="oc-44">
         <name>.text.TIMG0_IRQHandler</name>
         <load_address>0x6330</load_address>
         <readonly>true</readonly>
         <executable>true</executable>
         <run_address>0x6330</run_address>
         <size>0x94</size>
         <alignment>0x4</alignment>
         <input_file_ref idref="fl-13"/>
      </object_component>
      <object_component id="oc-231">
         <name>.text.task_timer_show</name>
         <load_address>0x63c4</load_address>
         <readonly>true</readonly>
         <executable>true</executable>
         <run_address>0x63c4</run_address>
         <size>0x94</size>
         <alignment>0x4</alignment>
         <input_file_ref idref="fl-19"/>
      </object_component>
      <object_component id="oc-1e3">
         <name>.text.SYSCFG_DL_PWM_0_init</name>
         <load_address>0x6458</load_address>
         <readonly>true</readonly>
         <executable>true</executable>
         <run_address>0x6458</run_address>
         <size>0x8c</size>
         <alignment>0x4</alignment>
         <input_file_ref idref="fl-2"/>
      </object_component>
      <object_component id="oc-e4">
         <name>.text.__mulsf3</name>
         <load_address>0x64e4</load_address>
         <readonly>true</readonly>
         <executable>true</executable>
         <run_address>0x64e4</run_address>
         <size>0x8c</size>
         <alignment>0x4</alignment>
         <input_file_ref idref="fl-116"/>
      </object_component>
      <object_component id="oc-1f3">
         <name>.text.__NVIC_SetPriority</name>
         <load_address>0x6570</load_address>
         <readonly>true</readonly>
         <executable>true</executable>
         <run_address>0x6570</run_address>
         <size>0x84</size>
         <alignment>0x4</alignment>
         <input_file_ref idref="fl-a"/>
      </object_component>
      <object_component id="oc-2c2">
         <name>.text.__NVIC_SetPriority</name>
         <load_address>0x65f4</load_address>
         <readonly>true</readonly>
         <executable>true</executable>
         <run_address>0x65f4</run_address>
         <size>0x84</size>
         <alignment>0x4</alignment>
         <input_file_ref idref="fl-2"/>
      </object_component>
      <object_component id="oc-d8">
         <name>.text.mpu_get_accel_reg</name>
         <load_address>0x6678</load_address>
         <readonly>true</readonly>
         <executable>true</executable>
         <run_address>0x6678</run_address>
         <size>0x84</size>
         <alignment>0x4</alignment>
         <input_file_ref idref="fl-4"/>
      </object_component>
      <object_component id="oc-d3">
         <name>.text.mpu_get_gyro_reg</name>
         <load_address>0x66fc</load_address>
         <readonly>true</readonly>
         <executable>true</executable>
         <run_address>0x66fc</run_address>
         <size>0x84</size>
         <alignment>0x4</alignment>
         <input_file_ref idref="fl-4"/>
      </object_component>
      <object_component id="oc-df">
         <name>.text.__divsf3</name>
         <load_address>0x6780</load_address>
         <readonly>true</readonly>
         <executable>true</executable>
         <run_address>0x6780</run_address>
         <size>0x82</size>
         <alignment>0x4</alignment>
         <input_file_ref idref="fl-117"/>
      </object_component>
      <object_component id="oc-3e1">
         <name>.text.__aeabi_ldiv0</name>
         <load_address>0x6802</load_address>
         <readonly>true</readonly>
         <executable>true</executable>
         <run_address>0x6802</run_address>
         <size>0x2</size>
         <alignment>0x2</alignment>
         <input_file_ref idref="fl-130"/>
      </object_component>
      <object_component id="oc-205">
         <name>.text.mpu_get_accel_sens</name>
         <load_address>0x6804</load_address>
         <readonly>true</readonly>
         <executable>true</executable>
         <run_address>0x6804</run_address>
         <size>0x80</size>
         <alignment>0x4</alignment>
         <input_file_ref idref="fl-4"/>
      </object_component>
      <object_component id="oc-39">
         <name>.text.GROUP1_IRQHandler</name>
         <load_address>0x6884</load_address>
         <readonly>true</readonly>
         <executable>true</executable>
         <run_address>0x6884</run_address>
         <size>0x7c</size>
         <alignment>0x4</alignment>
         <input_file_ref idref="fl-b"/>
      </object_component>
      <object_component id="oc-1e2">
         <name>.text.SYSCFG_DL_SYSCTL_init</name>
         <load_address>0x6900</load_address>
         <readonly>true</readonly>
         <executable>true</executable>
         <run_address>0x6900</run_address>
         <size>0x7c</size>
         <alignment>0x4</alignment>
         <input_file_ref idref="fl-2"/>
      </object_component>
      <object_component id="oc-1c">
         <name>.text:decompress:lzss</name>
         <load_address>0x697c</load_address>
         <readonly>true</readonly>
         <executable>true</executable>
         <run_address>0x697c</run_address>
         <size>0x7c</size>
         <alignment>0x4</alignment>
         <input_file_ref idref="fl-60"/>
      </object_component>
      <object_component id="oc-294">
         <name>.text.send_command</name>
         <load_address>0x69f8</load_address>
         <readonly>true</readonly>
         <executable>true</executable>
         <run_address>0x69f8</run_address>
         <size>0x76</size>
         <alignment>0x2</alignment>
         <input_file_ref idref="fl-17"/>
      </object_component>
      <object_component id="oc-338">
         <name>.text._nop</name>
         <load_address>0x6a6e</load_address>
         <readonly>true</readonly>
         <executable>true</executable>
         <run_address>0x6a6e</run_address>
         <size>0x2</size>
         <alignment>0x2</alignment>
         <input_file_ref idref="fl-4d"/>
      </object_component>
      <object_component id="oc-3ab">
         <name>.text.__gedf2</name>
         <load_address>0x6a70</load_address>
         <readonly>true</readonly>
         <executable>true</executable>
         <run_address>0x6a70</run_address>
         <size>0x74</size>
         <alignment>0x4</alignment>
         <input_file_ref idref="fl-12e"/>
      </object_component>
      <object_component id="oc-2bf">
         <name>.text.DL_SYSCTL_getClockStatus</name>
         <load_address>0x6ae4</load_address>
         <readonly>true</readonly>
         <executable>true</executable>
         <run_address>0x6ae4</run_address>
         <size>0xc</size>
         <alignment>0x4</alignment>
         <input_file_ref idref="fl-2"/>
      </object_component>
      <object_component id="oc-256">
         <name>.text.__truncdfsf2</name>
         <load_address>0x6af0</load_address>
         <readonly>true</readonly>
         <executable>true</executable>
         <run_address>0x6af0</run_address>
         <size>0x74</size>
         <alignment>0x10</alignment>
         <input_file_ref idref="fl-122"/>
      </object_component>
      <object_component id="oc-12b">
         <name>.text.deadzone_comp</name>
         <load_address>0x6b64</load_address>
         <readonly>true</readonly>
         <executable>true</executable>
         <run_address>0x6b64</run_address>
         <size>0x74</size>
         <alignment>0x4</alignment>
         <input_file_ref idref="fl-12"/>
      </object_component>
      <object_component id="oc-203">
         <name>.text.mpu_get_accel_fsr</name>
         <load_address>0x6bd8</load_address>
         <readonly>true</readonly>
         <executable>true</executable>
         <run_address>0x6bd8</run_address>
         <size>0x74</size>
         <alignment>0x4</alignment>
         <input_file_ref idref="fl-4"/>
      </object_component>
      <object_component id="oc-15a">
         <name>.text.OLED_ShowString</name>
         <load_address>0x6c4c</load_address>
         <readonly>true</readonly>
         <executable>true</executable>
         <run_address>0x6c4c</run_address>
         <size>0x70</size>
         <alignment>0x2</alignment>
         <input_file_ref idref="fl-c"/>
      </object_component>
      <object_component id="oc-11b">
         <name>.text.STEPPER_GoToAngle</name>
         <load_address>0x6cbc</load_address>
         <readonly>true</readonly>
         <executable>true</executable>
         <run_address>0x6cbc</run_address>
         <size>0x70</size>
         <alignment>0x4</alignment>
         <input_file_ref idref="fl-17"/>
      </object_component>
      <object_component id="oc-204">
         <name>.text.mpu_get_gyro_sens</name>
         <load_address>0x6d2c</load_address>
         <readonly>true</readonly>
         <executable>true</executable>
         <run_address>0x6d2c</run_address>
         <size>0x70</size>
         <alignment>0x4</alignment>
         <input_file_ref idref="fl-4"/>
      </object_component>
      <object_component id="oc-234">
         <name>.text.ramp_move</name>
         <load_address>0x6d9c</load_address>
         <readonly>true</readonly>
         <executable>true</executable>
         <run_address>0x6d9c</run_address>
         <size>0x6e</size>
         <alignment>0x2</alignment>
         <input_file_ref idref="fl-19"/>
      </object_component>
      <object_component id="oc-15c">
         <name>.text.OLED_Clear</name>
         <load_address>0x6e0a</load_address>
         <readonly>true</readonly>
         <executable>true</executable>
         <run_address>0x6e0a</run_address>
         <size>0x6a</size>
         <alignment>0x2</alignment>
         <input_file_ref idref="fl-c"/>
      </object_component>
      <object_component id="oc-3a5">
         <name>.text.__ledf2</name>
         <load_address>0x6e74</load_address>
         <readonly>true</readonly>
         <executable>true</executable>
         <run_address>0x6e74</run_address>
         <size>0x68</size>
         <alignment>0x4</alignment>
         <input_file_ref idref="fl-12e"/>
      </object_component>
      <object_component id="oc-170">
         <name>.text.task_2</name>
         <load_address>0x6edc</load_address>
         <readonly>true</readonly>
         <executable>true</executable>
         <run_address>0x6edc</run_address>
         <size>0x68</size>
         <alignment>0x4</alignment>
         <input_file_ref idref="fl-19"/>
      </object_component>
      <object_component id="oc-3d0">
         <name>.text._mcpy</name>
         <load_address>0x6f44</load_address>
         <readonly>true</readonly>
         <executable>true</executable>
         <run_address>0x6f44</run_address>
         <size>0x66</size>
         <alignment>0x2</alignment>
         <input_file_ref idref="fl-4a"/>
      </object_component>
      <object_component id="oc-2b6">
         <name>.text.DL_SYSCTL_setHFCLKSourceHFXTParams</name>
         <load_address>0x6fac</load_address>
         <readonly>true</readonly>
         <executable>true</executable>
         <run_address>0x6fac</run_address>
         <size>0x64</size>
         <alignment>0x4</alignment>
         <input_file_ref idref="fl-2f"/>
      </object_component>
      <object_component id="oc-22b">
         <name>.text.detect_stop</name>
         <load_address>0x7010</load_address>
         <readonly>true</readonly>
         <executable>true</executable>
         <run_address>0x7010</run_address>
         <size>0x64</size>
         <alignment>0x4</alignment>
         <input_file_ref idref="fl-12"/>
      </object_component>
      <object_component id="oc-354">
         <name>.text.__aeabi_dcmp</name>
         <load_address>0x7074</load_address>
         <readonly>true</readonly>
         <executable>true</executable>
         <run_address>0x7074</run_address>
         <size>0x62</size>
         <alignment>0x4</alignment>
         <input_file_ref idref="fl-123"/>
      </object_component>
      <object_component id="oc-97">
         <name>.text.__aeabi_fcmp</name>
         <load_address>0x70d8</load_address>
         <readonly>true</readonly>
         <executable>true</executable>
         <run_address>0x70d8</run_address>
         <size>0x62</size>
         <alignment>0x4</alignment>
         <input_file_ref idref="fl-124"/>
      </object_component>
      <object_component id="oc-202">
         <name>.text.mpu_get_gyro_fsr</name>
         <load_address>0x713c</load_address>
         <readonly>true</readonly>
         <executable>true</executable>
         <run_address>0x713c</run_address>
         <size>0x60</size>
         <alignment>0x4</alignment>
         <input_file_ref idref="fl-4"/>
      </object_component>
      <object_component id="oc-1f5">
         <name>.text.oled_i2c_sda_unlock</name>
         <load_address>0x719c</load_address>
         <readonly>true</readonly>
         <executable>true</executable>
         <run_address>0x719c</run_address>
         <size>0x60</size>
         <alignment>0x4</alignment>
         <input_file_ref idref="fl-c"/>
      </object_component>
      <object_component id="oc-2f6">
         <name>.text.DL_I2C_fillControllerTXFIFO</name>
         <load_address>0x71fc</load_address>
         <readonly>true</readonly>
         <executable>true</executable>
         <run_address>0x71fc</run_address>
         <size>0x5e</size>
         <alignment>0x2</alignment>
         <input_file_ref idref="fl-2c"/>
      </object_component>
      <object_component id="oc-1c7">
         <name>.text.stepper_cb</name>
         <load_address>0x725a</load_address>
         <readonly>true</readonly>
         <executable>true</executable>
         <run_address>0x725a</run_address>
         <size>0x5e</size>
         <alignment>0x2</alignment>
         <input_file_ref idref="fl-17"/>
      </object_component>
      <object_component id="oc-146">
         <name>.text.SYSCFG_DL_init</name>
         <load_address>0x72b8</load_address>
         <readonly>true</readonly>
         <executable>true</executable>
         <run_address>0x72b8</run_address>
         <size>0x5c</size>
         <alignment>0x4</alignment>
         <input_file_ref idref="fl-2"/>
      </object_component>
      <object_component id="oc-3bc">
         <name>.text.frexp</name>
         <load_address>0x7314</load_address>
         <readonly>true</readonly>
         <executable>true</executable>
         <run_address>0x7314</run_address>
         <size>0x5c</size>
         <alignment>0x4</alignment>
         <input_file_ref idref="fl-61"/>
      </object_component>
      <object_component id="oc-2f5">
         <name>.text.mspm0_i2c_enable</name>
         <load_address>0x7370</load_address>
         <readonly>true</readonly>
         <executable>true</executable>
         <run_address>0x7370</run_address>
         <size>0x5c</size>
         <alignment>0x4</alignment>
         <input_file_ref idref="fl-c"/>
      </object_component>
      <object_component id="oc-24c">
         <name>.text.printf</name>
         <load_address>0x73cc</load_address>
         <readonly>true</readonly>
         <executable>true</executable>
         <run_address>0x73cc</run_address>
         <size>0x5c</size>
         <alignment>0x4</alignment>
         <input_file_ref idref="fl-49"/>
      </object_component>
      <object_component id="oc-153">
         <name>.text.Interrupt_Init</name>
         <load_address>0x7428</load_address>
         <readonly>true</readonly>
         <executable>true</executable>
         <run_address>0x7428</run_address>
         <size>0x58</size>
         <alignment>0x4</alignment>
         <input_file_ref idref="fl-b"/>
      </object_component>
      <object_component id="oc-1e8">
         <name>.text.SYSCFG_DL_I2C_MPU6050_init</name>
         <load_address>0x7480</load_address>
         <readonly>true</readonly>
         <executable>true</executable>
         <run_address>0x7480</run_address>
         <size>0x58</size>
         <alignment>0x4</alignment>
         <input_file_ref idref="fl-2"/>
      </object_component>
      <object_component id="oc-1e7">
         <name>.text.SYSCFG_DL_I2C_OLED_init</name>
         <load_address>0x74d8</load_address>
         <readonly>true</readonly>
         <executable>true</executable>
         <run_address>0x74d8</run_address>
         <size>0x58</size>
         <alignment>0x4</alignment>
         <input_file_ref idref="fl-2"/>
      </object_component>
      <object_component id="oc-3c4">
         <name>.text.__TI_ltoa</name>
         <load_address>0x7530</load_address>
         <readonly>true</readonly>
         <executable>true</executable>
         <run_address>0x7530</run_address>
         <size>0x58</size>
         <alignment>0x2</alignment>
         <input_file_ref idref="fl-4e"/>
      </object_component>
      <object_component id="oc-37f">
         <name>.text._pconv_f</name>
         <load_address>0x7588</load_address>
         <readonly>true</readonly>
         <executable>true</executable>
         <run_address>0x7588</run_address>
         <size>0x58</size>
         <alignment>0x2</alignment>
         <input_file_ref idref="fl-4a"/>
      </object_component>
      <object_component id="oc-3eb">
         <name>.text.__aeabi_idivmod</name>
         <load_address>0x75e0</load_address>
         <readonly>true</readonly>
         <executable>true</executable>
         <run_address>0x75e0</run_address>
         <size>0x56</size>
         <alignment>0x4</alignment>
         <input_file_ref idref="fl-125"/>
      </object_component>
      <object_component id="oc-1eb">
         <name>.text.SYSCFG_DL_UART_camera_init</name>
         <load_address>0x7638</load_address>
         <readonly>true</readonly>
         <executable>true</executable>
         <run_address>0x7638</run_address>
         <size>0x54</size>
         <alignment>0x4</alignment>
         <input_file_ref idref="fl-2"/>
      </object_component>
      <object_component id="oc-304">
         <name>.text.stepper_fd</name>
         <load_address>0x768c</load_address>
         <readonly>true</readonly>
         <executable>true</executable>
         <run_address>0x768c</run_address>
         <size>0x54</size>
         <alignment>0x2</alignment>
         <input_file_ref idref="fl-17"/>
      </object_component>
      <object_component id="oc-3ce">
         <name>.text._ecpy</name>
         <load_address>0x76e0</load_address>
         <readonly>true</readonly>
         <executable>true</executable>
         <run_address>0x76e0</run_address>
         <size>0x52</size>
         <alignment>0x2</alignment>
         <input_file_ref idref="fl-4a"/>
      </object_component>
      <object_component id="oc-35e">
         <name>.text.DL_GPIO_initPeripheralInputFunctionFeatures</name>
         <load_address>0x7734</load_address>
         <readonly>true</readonly>
         <executable>true</executable>
         <run_address>0x7734</run_address>
         <size>0x50</size>
         <alignment>0x4</alignment>
         <input_file_ref idref="fl-c"/>
      </object_component>
      <object_component id="oc-2a7">
         <name>.text.DL_GPIO_initPeripheralInputFunctionFeatures</name>
         <load_address>0x7784</load_address>
         <readonly>true</readonly>
         <executable>true</executable>
         <run_address>0x7784</run_address>
         <size>0x50</size>
         <alignment>0x4</alignment>
         <input_file_ref idref="fl-2"/>
      </object_component>
      <object_component id="oc-279">
         <name>.text.DL_I2C_startControllerTransfer</name>
         <load_address>0x77d4</load_address>
         <readonly>true</readonly>
         <executable>true</executable>
         <run_address>0x77d4</run_address>
         <size>0x50</size>
         <alignment>0x4</alignment>
         <input_file_ref idref="fl-9"/>
      </object_component>
      <object_component id="oc-2f9">
         <name>.text.DL_I2C_startControllerTransfer</name>
         <load_address>0x7824</load_address>
         <readonly>true</readonly>
         <executable>true</executable>
         <run_address>0x7824</run_address>
         <size>0x50</size>
         <alignment>0x4</alignment>
         <input_file_ref idref="fl-c"/>
      </object_component>
      <object_component id="oc-1e9">
         <name>.text.SYSCFG_DL_UART_vofa_init</name>
         <load_address>0x7874</load_address>
         <readonly>true</readonly>
         <executable>true</executable>
         <run_address>0x7874</run_address>
         <size>0x50</size>
         <alignment>0x4</alignment>
         <input_file_ref idref="fl-2"/>
      </object_component>
      <object_component id="oc-1f2">
         <name>.text.SysTick_Config</name>
         <load_address>0x78c4</load_address>
         <readonly>true</readonly>
         <executable>true</executable>
         <run_address>0x78c4</run_address>
         <size>0x50</size>
         <alignment>0x4</alignment>
         <input_file_ref idref="fl-a"/>
      </object_component>
      <object_component id="oc-387">
         <name>.text.fputs</name>
         <load_address>0x7914</load_address>
         <readonly>true</readonly>
         <executable>true</executable>
         <run_address>0x7914</run_address>
         <size>0x50</size>
         <alignment>0x4</alignment>
         <input_file_ref idref="fl-1c"/>
      </object_component>
      <object_component id="oc-35c">
         <name>.text.DL_GPIO_initDigitalInputFeatures</name>
         <load_address>0x7964</load_address>
         <readonly>true</readonly>
         <executable>true</executable>
         <run_address>0x7964</run_address>
         <size>0x4c</size>
         <alignment>0x4</alignment>
         <input_file_ref idref="fl-c"/>
      </object_component>
      <object_component id="oc-2ab">
         <name>.text.DL_GPIO_initDigitalInputFeatures</name>
         <load_address>0x79b0</load_address>
         <readonly>true</readonly>
         <executable>true</executable>
         <run_address>0x79b0</run_address>
         <size>0x4c</size>
         <alignment>0x4</alignment>
         <input_file_ref idref="fl-2"/>
      </object_component>
      <object_component id="oc-2e8">
         <name>.text.DL_UART_setBaudRateDivisor</name>
         <load_address>0x79fc</load_address>
         <readonly>true</readonly>
         <executable>true</executable>
         <run_address>0x79fc</run_address>
         <size>0x4c</size>
         <alignment>0x4</alignment>
         <input_file_ref idref="fl-2"/>
      </object_component>
      <object_component id="oc-3c0">
         <name>.text.__fixdfsi</name>
         <load_address>0x7a48</load_address>
         <readonly>true</readonly>
         <executable>true</executable>
         <run_address>0x7a48</run_address>
         <size>0x4a</size>
         <alignment>0x4</alignment>
         <input_file_ref idref="fl-11a"/>
      </object_component>
      <object_component id="oc-154">
         <name>.text.BALL_Init</name>
         <load_address>0x7a94</load_address>
         <readonly>true</readonly>
         <executable>true</executable>
         <run_address>0x7a94</run_address>
         <size>0x48</size>
         <alignment>0x4</alignment>
         <input_file_ref idref="fl-f"/>
      </object_component>
      <object_component id="oc-233">
         <name>.text.CameraUART_SendCmd</name>
         <load_address>0x7adc</load_address>
         <readonly>true</readonly>
         <executable>true</executable>
         <run_address>0x7adc</run_address>
         <size>0x48</size>
         <alignment>0x4</alignment>
         <input_file_ref idref="fl-11"/>
      </object_component>
      <object_component id="oc-2e6">
         <name>.text.DL_UART_init</name>
         <load_address>0x7b24</load_address>
         <readonly>true</readonly>
         <executable>true</executable>
         <run_address>0x7b24</run_address>
         <size>0x48</size>
         <alignment>0x4</alignment>
         <input_file_ref idref="fl-2e"/>
      </object_component>
      <object_component id="oc-2f1">
         <name>.text.mspm0_i2c_disable</name>
         <load_address>0x7b6c</load_address>
         <readonly>true</readonly>
         <executable>true</executable>
         <run_address>0x7b6c</run_address>
         <size>0x48</size>
         <alignment>0x4</alignment>
         <input_file_ref idref="fl-c"/>
      </object_component>
      <object_component id="oc-2c1">
         <name>.text.DL_SYSCTL_switchMCLKfromSYSOSCtoHSCLK</name>
         <load_address>0x7bb4</load_address>
         <readonly>true</readonly>
         <executable>true</executable>
         <run_address>0x7bb4</run_address>
         <size>0x44</size>
         <alignment>0x4</alignment>
         <input_file_ref idref="fl-2f"/>
      </object_component>
      <object_component id="oc-207">
         <name>.text.KalmanFilter_Init</name>
         <load_address>0x7bf8</load_address>
         <readonly>true</readonly>
         <executable>true</executable>
         <run_address>0x7bf8</run_address>
         <size>0x44</size>
         <alignment>0x2</alignment>
         <input_file_ref idref="fl-6"/>
      </object_component>
      <object_component id="oc-344">
         <name>.text.STEPPER_SendRaw</name>
         <load_address>0x7c3c</load_address>
         <readonly>true</readonly>
         <executable>true</executable>
         <run_address>0x7c3c</run_address>
         <size>0x44</size>
         <alignment>0x4</alignment>
         <input_file_ref idref="fl-17"/>
      </object_component>
      <object_component id="oc-1ea">
         <name>.text.SYSCFG_DL_Stepper_UART_init</name>
         <load_address>0x7c80</load_address>
         <readonly>true</readonly>
         <executable>true</executable>
         <run_address>0x7c80</run_address>
         <size>0x40</size>
         <alignment>0x4</alignment>
         <input_file_ref idref="fl-2"/>
      </object_component>
      <object_component id="oc-1e4">
         <name>.text.SYSCFG_DL_TIMER_controll_init</name>
         <load_address>0x7cc0</load_address>
         <readonly>true</readonly>
         <executable>true</executable>
         <run_address>0x7cc0</run_address>
[...]
      </symbol>
      <symbol id="sm-525">
         <name>DL_UART_init</name>
         <value>0x7b25</value>
         <object_component_ref idref="oc-2e6"/>
      </symbol>
      <symbol id="sm-526">
         <name>DL_UART_setClockConfig</name>
         <value>0x8db5</value>
         <object_component_ref idref="oc-2e0"/>
      </symbol>
      <symbol id="sm-527">
         <name>DL_UART_transmitDataBlocking</name>
         <value>0x8165</value>
         <object_component_ref idref="oc-321"/>
      </symbol>
      <symbol id="sm-53b">
         <name>DL_SYSCTL_configSYSPLL</name>
         <value>0x56a5</value>
         <object_component_ref idref="oc-2bc"/>
      </symbol>
      <symbol id="sm-53c">
         <name>DL_SYSCTL_switchMCLKfromSYSOSCtoHSCLK</name>
         <value>0x7bb5</value>
         <object_component_ref idref="oc-2c1"/>
      </symbol>
      <symbol id="sm-53d">
         <name>DL_SYSCTL_setHFCLKSourceHFXTParams</name>
         <value>0x6fad</value>
         <object_component_ref idref="oc-2b6"/>
      </symbol>
      <symbol id="sm-53e">
         <name>DL_SYSCTL_configFCC</name>
         <value>0x86f5</value>
         <object_component_ref idref="oc-34c"/>
      </symbol>
      <symbol id="sm-54c">
         <name>atan2f</name>
         <value>0x4ae5</value>
         <object_component_ref idref="oc-ec"/>
      </symbol>
      <symbol id="sm-556">
         <name>sqrtf</name>
         <value>0x615d</value>
         <object_component_ref idref="oc-e8"/>
      </symbol>
      <symbol id="sm-56a">
         <name>atanf</name>
         <value>0x3111</value>
         <object_component_ref idref="oc-1b7"/>
      </symbol>
      <symbol id="sm-57b">
         <name>printf</name>
         <value>0x73cd</value>
         <object_component_ref idref="oc-24c"/>
      </symbol>
      <symbol id="sm-5c4">
         <name>__TI_printfi</name>
         <value>0xc1</value>
         <object_component_ref idref="oc-316"/>
      </symbol>
      <symbol id="sm-5d5">
         <name>sprintf</name>
         <value>0x8091</value>
         <object_component_ref idref="oc-162"/>
      </symbol>
      <symbol id="sm-5e0">
         <name>__aeabi_errno_addr</name>
         <value>0x8f21</value>
         <object_component_ref idref="oc-1af"/>
      </symbol>
      <symbol id="sm-5e1">
         <name>__aeabi_errno</name>
         <value>0x20200580</value>
         <object_component_ref idref="oc-28a"/>
      </symbol>
      <symbol id="sm-5ea">
         <name>_nop</name>
         <value>0x6a6f</value>
         <object_component_ref idref="oc-338"/>
      </symbol>
      <symbol id="sm-5eb">
         <name>_lock</name>
         <value>0x20200584</value>
         <object_component_ref idref="oc-26d"/>
      </symbol>
      <symbol id="sm-5ec">
         <name>_unlock</name>
         <value>0x20200588</value>
         <object_component_ref idref="oc-270"/>
      </symbol>
      <symbol id="sm-5f5">
         <name>__TI_ltoa</name>
         <value>0x7531</value>
         <object_component_ref idref="oc-3c4"/>
      </symbol>
      <symbol id="sm-5ff">
         <name>atof</name>
         <value>0x8ee5</value>
         <object_component_ref idref="oc-252"/>
      </symbol>
      <symbol id="sm-609">
         <name>atoi</name>
         <value>0x7dc1</value>
         <object_component_ref idref="oc-36c"/>
      </symbol>
      <symbol id="sm-60e">
         <name>_ftable</name>
         <value>0x2020035c</value>
         <object_component_ref idref="oc-325"/>
      </symbol>
      <symbol id="sm-617">
         <name>memccpy</name>
         <value>0x8469</value>
         <object_component_ref idref="oc-365"/>
      </symbol>
      <symbol id="sm-622">
         <name>strchr</name>
         <value>0x8d8d</value>
         <object_component_ref idref="oc-248"/>
      </symbol>
      <symbol id="sm-62b">
         <name>strlen</name>
         <value>0x8e79</value>
         <object_component_ref idref="oc-3d3"/>
      </symbol>
      <symbol id="sm-640">
         <name>strtod</name>
         <value>0x18dd</value>
         <object_component_ref idref="oc-32b"/>
      </symbol>
      <symbol id="sm-641">
         <name>strtold</name>
         <value>0x18dd</value>
         <object_component_ref idref="oc-32b"/>
      </symbol>
      <symbol id="sm-64c">
         <name>_c_int00_noargs</name>
         <value>0x8361</value>
         <object_component_ref idref="oc-6d"/>
      </symbol>
      <symbol id="sm-64d">
         <name>__stack</name>
         <value>0x20207e00</value>
         <object_component_ref idref="oc-1a"/>
      </symbol>
      <symbol id="sm-65c">
         <name>__TI_auto_init_nobinit_nopinit</name>
         <value>0x7fa5</value>
         <object_component_ref idref="oc-189"/>
      </symbol>
      <symbol id="sm-664">
         <name>_system_pre_init</name>
         <value>0x8f91</value>
         <object_component_ref idref="oc-b8"/>
      </symbol>
      <symbol id="sm-66f">
         <name>__TI_zero_init_nomemset</name>
         <value>0x8c0d</value>
         <object_component_ref idref="oc-64"/>
      </symbol>
      <symbol id="sm-678">
         <name>__TI_decompress_none</name>
         <value>0x8dd9</value>
         <object_component_ref idref="oc-20"/>
      </symbol>
      <symbol id="sm-683">
         <name>__TI_decompress_lzss</name>
         <value>0x697d</value>
         <object_component_ref idref="oc-1c"/>
      </symbol>
      <symbol id="sm-68d">
         <name>frexp</name>
         <value>0x7315</value>
         <object_component_ref idref="oc-3bc"/>
      </symbol>
      <symbol id="sm-68e">
         <name>frexpl</name>
         <value>0x7315</value>
         <object_component_ref idref="oc-3bc"/>
      </symbol>
      <symbol id="sm-698">
         <name>scalbn</name>
         <value>0x5781</value>
         <object_component_ref idref="oc-397"/>
      </symbol>
      <symbol id="sm-699">
         <name>ldexp</name>
         <value>0x5781</value>
         <object_component_ref idref="oc-397"/>
      </symbol>
      <symbol id="sm-69a">
         <name>scalbnl</name>
         <value>0x5781</value>
         <object_component_ref idref="oc-397"/>
      </symbol>
      <symbol id="sm-69b">
         <name>ldexpl</name>
         <value>0x5781</value>
         <object_component_ref idref="oc-397"/>
      </symbol>
      <symbol id="sm-6a4">
         <name>wcslen</name>
         <value>0x8e4d</value>
         <object_component_ref idref="oc-370"/>
      </symbol>
      <symbol id="sm-6a6">
         <name>__aeabi_ctype_table_</name>
         <value>0x97c0</value>
         <object_component_ref idref="oc-39f"/>
      </symbol>
      <symbol id="sm-6a7">
         <name>__aeabi_ctype_table_C</name>
         <value>0x97c0</value>
         <object_component_ref idref="oc-39f"/>
      </symbol>
      <symbol id="sm-6b1">
         <name>abort</name>
         <value>0x8f59</value>
         <object_component_ref idref="oc-182"/>
      </symbol>
      <symbol id="sm-6ba">
         <name>HOSTexit</name>
         <value>0x8f63</value>
         <object_component_ref idref="oc-267"/>
      </symbol>
      <symbol id="sm-6bb">
         <name>C$$EXIT</name>
         <value>0x8f62</value>
         <object_component_ref idref="oc-267"/>
      </symbol>
      <symbol id="sm-6cb">
         <name>__aeabi_fadd</name>
         <value>0x5863</value>
         <object_component_ref idref="oc-cf"/>
      </symbol>
      <symbol id="sm-6cc">
         <name>__addsf3</name>
         <value>0x5863</value>
         <object_component_ref idref="oc-cf"/>
      </symbol>
      <symbol id="sm-6cd">
         <name>__aeabi_fsub</name>
         <value>0x5859</value>
         <object_component_ref idref="oc-cf"/>
      </symbol>
      <symbol id="sm-6ce">
         <name>__subsf3</name>
         <value>0x5859</value>
         <object_component_ref idref="oc-cf"/>
      </symbol>
      <symbol id="sm-6d7">
         <name>__aeabi_dadd</name>
         <value>0x3cd7</value>
         <object_component_ref idref="oc-393"/>
      </symbol>
      <symbol id="sm-6d8">
         <name>__adddf3</name>
         <value>0x3cd7</value>
         <object_component_ref idref="oc-393"/>
      </symbol>
      <symbol id="sm-6d9">
         <name>__aeabi_dsub</name>
         <value>0x3ccd</value>
         <object_component_ref idref="oc-393"/>
      </symbol>
      <symbol id="sm-6da">
         <name>__subdf3</name>
         <value>0x3ccd</value>
         <object_component_ref idref="oc-393"/>
      </symbol>
      <symbol id="sm-6e3">
         <name>__aeabi_dmul</name>
         <value>0x54dd</value>
         <object_component_ref idref="oc-38f"/>
      </symbol>
      <symbol id="sm-6e4">
         <name>__muldf3</name>
         <value>0x54dd</value>
         <object_component_ref idref="oc-38f"/>
      </symbol>
      <symbol id="sm-6ea">
         <name>__muldsi3</name>
         <value>0x801d</value>
         <object_component_ref idref="oc-1aa"/>
      </symbol>
      <symbol id="sm-6f0">
         <name>__aeabi_fmul</name>
         <value>0x64e5</value>
         <object_component_ref idref="oc-e4"/>
      </symbol>
      <symbol id="sm-6f1">
         <name>__mulsf3</name>
         <value>0x64e5</value>
         <object_component_ref idref="oc-e4"/>
      </symbol>
      <symbol id="sm-6f7">
         <name>__aeabi_fdiv</name>
         <value>0x6781</value>
         <object_component_ref idref="oc-df"/>
      </symbol>
      <symbol id="sm-6f8">
         <name>__divsf3</name>
         <value>0x6781</value>
         <object_component_ref idref="oc-df"/>
      </symbol>
      <symbol id="sm-701">
         <name>__aeabi_ddiv</name>
         <value>0x4e1d</value>
         <object_component_ref idref="oc-39b"/>
      </symbol>
      <symbol id="sm-702">
         <name>__divdf3</name>
         <value>0x4e1d</value>
         <object_component_ref idref="oc-39b"/>
      </symbol>
      <symbol id="sm-708">
         <name>__aeabi_f2d</name>
         <value>0x7d81</value>
         <object_component_ref idref="oc-261"/>
      </symbol>
      <symbol id="sm-709">
         <name>__extendsfdf2</name>
         <value>0x7d81</value>
         <object_component_ref idref="oc-261"/>
      </symbol>
      <symbol id="sm-70f">
         <name>__aeabi_d2iz</name>
         <value>0x7a49</value>
         <object_component_ref idref="oc-3c0"/>
      </symbol>
      <symbol id="sm-710">
         <name>__fixdfsi</name>
         <value>0x7a49</value>
         <object_component_ref idref="oc-3c0"/>
      </symbol>
      <symbol id="sm-716">
         <name>__aeabi_f2iz</name>
         <value>0x8059</value>
         <object_component_ref idref="oc-1a6"/>
      </symbol>
      <symbol id="sm-717">
         <name>__fixsfsi</name>
         <value>0x8059</value>
         <object_component_ref idref="oc-1a6"/>
      </symbol>
      <symbol id="sm-71d">
         <name>__aeabi_f2uiz</name>
         <value>0x8131</value>
         <object_component_ref idref="oc-1c3"/>
      </symbol>
      <symbol id="sm-71e">
         <name>__fixunssfsi</name>
         <value>0x8131</value>
         <object_component_ref idref="oc-1c3"/>
      </symbol>
      <symbol id="sm-724">
         <name>__aeabi_i2d</name>
         <value>0x81f1</value>
         <object_component_ref idref="oc-3c8"/>
      </symbol>
      <symbol id="sm-725">
         <name>__floatsidf</name>
         <value>0x81f1</value>
         <object_component_ref idref="oc-3c8"/>
      </symbol>
      <symbol id="sm-72b">
         <name>__aeabi_i2f</name>
         <value>0x7ef1</value>
         <object_component_ref idref="oc-a1"/>
      </symbol>
      <symbol id="sm-72c">
         <name>__floatsisf</name>
         <value>0x7ef1</value>
         <object_component_ref idref="oc-a1"/>
      </symbol>
      <symbol id="sm-732">
         <name>__aeabi_ui2d</name>
         <value>0x83fd</value>
         <object_component_ref idref="oc-350"/>
      </symbol>
      <symbol id="sm-733">
         <name>__floatunsidf</name>
         <value>0x83fd</value>
         <object_component_ref idref="oc-350"/>
      </symbol>
      <symbol id="sm-739">
         <name>__aeabi_ui2f</name>
         <value>0x8311</value>
         <object_component_ref idref="oc-db"/>
      </symbol>
      <symbol id="sm-73a">
         <name>__floatunsisf</name>
         <value>0x8311</value>
         <object_component_ref idref="oc-db"/>
      </symbol>
      <symbol id="sm-740">
         <name>__aeabi_lmul</name>
         <value>0x8421</value>
         <object_component_ref idref="oc-374"/>
      </symbol>
      <symbol id="sm-741">
         <name>__muldi3</name>
         <value>0x8421</value>
         <object_component_ref idref="oc-374"/>
      </symbol>
      <symbol id="sm-748">
         <name>__aeabi_d2f</name>
         <value>0x6af1</value>
         <object_component_ref idref="oc-256"/>
      </symbol>
      <symbol id="sm-749">
         <name>__truncdfsf2</name>
         <value>0x6af1</value>
         <object_component_ref idref="oc-256"/>
      </symbol>
      <symbol id="sm-74f">
         <name>__aeabi_dcmpeq</name>
         <value>0x7075</value>
         <object_component_ref idref="oc-354"/>
      </symbol>
      <symbol id="sm-750">
         <name>__aeabi_dcmplt</name>
         <value>0x7089</value>
         <object_component_ref idref="oc-354"/>
      </symbol>
      <symbol id="sm-751">
         <name>__aeabi_dcmple</name>
         <value>0x709d</value>
         <object_component_ref idref="oc-354"/>
      </symbol>
      <symbol id="sm-752">
         <name>__aeabi_dcmpge</name>
         <value>0x70b1</value>
         <object_component_ref idref="oc-354"/>
      </symbol>
      <symbol id="sm-753">
         <name>__aeabi_dcmpgt</name>
         <value>0x70c5</value>
         <object_component_ref idref="oc-354"/>
      </symbol>
      <symbol id="sm-75c">
         <name>__aeabi_fcmpeq</name>
         <value>0x70d9</value>
         <object_component_ref idref="oc-97"/>
      </symbol>
      <symbol id="sm-75d">
         <name>__aeabi_fcmplt</name>
         <value>0x70ed</value>
         <object_component_ref idref="oc-97"/>
      </symbol>
      <symbol id="sm-75e">
         <name>__aeabi_fcmple</name>
         <value>0x7101</value>
         <object_component_ref idref="oc-97"/>
      </symbol>
      <symbol id="sm-75f">
         <name>__aeabi_fcmpge</name>
         <value>0x7115</value>
         <object_component_ref idref="oc-97"/>
      </symbol>
      <symbol id="sm-760">
         <name>__aeabi_fcmpgt</name>
         <value>0x7129</value>
         <object_component_ref idref="oc-97"/>
      </symbol>
      <symbol id="sm-766">
         <name>__aeabi_idiv</name>
         <value>0x75e1</value>
         <object_component_ref idref="oc-3eb"/>
      </symbol>
      <symbol id="sm-767">
         <name>__aeabi_idivmod</name>
         <value>0x75e1</value>
         <object_component_ref idref="oc-3eb"/>
      </symbol>
      <symbol id="sm-76d">
         <name>__aeabi_memcpy</name>
         <value>0x8f29</value>
         <object_component_ref idref="oc-5d"/>
      </symbol>
      <symbol id="sm-76e">
         <name>__aeabi_memcpy4</name>
         <value>0x8f29</value>
         <object_component_ref idref="oc-5d"/>
      </symbol>
      <symbol id="sm-76f">
         <name>__aeabi_memcpy8</name>
         <value>0x8f29</value>
         <object_component_ref idref="oc-5d"/>
      </symbol>
      <symbol id="sm-776">
         <name>__aeabi_memset</name>
         <value>0x8e5d</value>
         <object_component_ref idref="oc-364"/>
      </symbol>
      <symbol id="sm-777">
         <name>__aeabi_memset4</name>
         <value>0x8e5d</value>
         <object_component_ref idref="oc-364"/>
      </symbol>
      <symbol id="sm-778">
         <name>__aeabi_memset8</name>
         <value>0x8e5d</value>
         <object_component_ref idref="oc-364"/>
      </symbol>
      <symbol id="sm-77e">
         <name>__aeabi_uidiv</name>
         <value>0x7d41</value>
         <object_component_ref idref="oc-21c"/>
      </symbol>
      <symbol id="sm-77f">
         <name>__aeabi_uidivmod</name>
         <value>0x7d41</value>
         <object_component_ref idref="oc-21c"/>
      </symbol>
      <symbol id="sm-785">
         <name>__aeabi_uldivmod</name>
         <value>0x8d3d</value>
         <object_component_ref idref="oc-379"/>
      </symbol>
      <symbol id="sm-78e">
         <name>__eqsf2</name>
         <value>0x7fe1</value>
         <object_component_ref idref="oc-113"/>
      </symbol>
      <symbol id="sm-78f">
         <name>__lesf2</name>
         <value>0x7fe1</value>
         <object_component_ref idref="oc-113"/>
      </symbol>
      <symbol id="sm-790">
         <name>__ltsf2</name>
         <value>0x7fe1</value>
         <object_component_ref idref="oc-113"/>
      </symbol>
      <symbol id="sm-791">
         <name>__nesf2</name>
         <value>0x7fe1</value>
         <object_component_ref idref="oc-113"/>
      </symbol>
      <symbol id="sm-792">
         <name>__cmpsf2</name>
         <value>0x7fe1</value>
         <object_component_ref idref="oc-113"/>
      </symbol>
      <symbol id="sm-793">
         <name>__gtsf2</name>
         <value>0x7f2d</value>
         <object_component_ref idref="oc-118"/>
      </symbol>
      <symbol id="sm-794">
         <name>__gesf2</name>
         <value>0x7f2d</value>
         <object_component_ref idref="oc-118"/>
      </symbol>
      <symbol id="sm-79a">
         <name>__udivmoddi4</name>
         <value>0x60b9</value>
         <object_component_ref idref="oc-3b7"/>
      </symbol>
      <symbol id="sm-7a0">
         <name>__aeabi_llsl</name>
         <value>0x854d</value>
         <object_component_ref idref="oc-3e2"/>
      </symbol>
      <symbol id="sm-7a1">
         <name>__ashldi3</name>
         <value>0x854d</value>
         <object_component_ref idref="oc-3e2"/>
      </symbol>
      <symbol id="sm-7af">
         <name>__ledf2</name>
         <value>0x6e75</value>
         <object_component_ref idref="oc-3a5"/>
      </symbol>
      <symbol id="sm-7b0">
         <name>__gedf2</name>
         <value>0x6a71</value>
         <object_component_ref idref="oc-3ab"/>
      </symbol>
      <symbol id="sm-7b1">
         <name>__cmpdf2</name>
         <value>0x6e75</value>
         <object_component_ref idref="oc-3a5"/>
      </symbol>
      <symbol id="sm-7b2">
         <name>__eqdf2</name>
         <value>0x6e75</value>
         <object_component_ref idref="oc-3a5"/>
      </symbol>
      <symbol id="sm-7b3">
         <name>__ltdf2</name>
         <value>0x6e75</value>
         <object_component_ref idref="oc-3a5"/>
      </symbol>
      <symbol id="sm-7b4">
         <name>__nedf2</name>
         <value>0x6e75</value>
         <object_component_ref idref="oc-3a5"/>
      </symbol>
      <symbol id="sm-7b5">
         <name>__gtdf2</name>
         <value>0x6a71</value>
         <object_component_ref idref="oc-3ab"/>
      </symbol>
      <symbol id="sm-7c2">
         <name>__aeabi_idiv0</name>
         <value>0x615b</value>
         <object_component_ref idref="oc-317"/>
      </symbol>
      <symbol id="sm-7c3">
         <name>__aeabi_ldiv0</name>
         <value>0x6803</value>
         <object_component_ref idref="oc-3e1"/>
      </symbol>
      <symbol id="sm-7cc">
         <name>TI_memcpy_small</name>
         <value>0x8dc7</value>
         <object_component_ref idref="oc-13c"/>
      </symbol>
      <symbol id="sm-7d5">
         <name>TI_memset_small</name>
         <value>0x8e87</value>
         <object_component_ref idref="oc-1da"/>
      </symbol>
      <symbol id="sm-7d6">
         <name>__TI_static_base__</name>
         <value>0x0</value>
      </symbol>
      <symbol id="sm-7da">
         <name>__mpu_init</name>
         <value>0x0</value>
      </symbol>
      <symbol id="sm-7db">
         <name>_system_post_cinit</name>
         <value>0x0</value>
      </symbol>
   </symbol_table>
   <title>Link successful</title>
</link_info>
